[www.coolmath-games.com/index.html]
[www.coolmath-games.com/sites/cmatgame/themes/cmatgame/favicon.ico]
[backblue.gif]
[fade.gif]
[index.html]
[www.coolmath-games.com/sites/cmatgame/files/css/css_GkeqQjzVgzzy9aO8w7NBmdpfYEYFpkJ-3ogoX_W57ZY.css]
[www.coolmath-games.com/sites/cmatgame/files/css/css_Y1-8NQ_LtLRo-q3BhsGUj4-DuiRMtf9wyU08p15ex_M.css]
[www.coolmath-games.com/sites/cmatgame/files/mbox.js]
[www.coolmath-games.com/sites/cmatgame/files/css/css_rzMBmkwb08Tdyvqaxu6e95BW_3f31YHwCJFTkdIUW_A.css]
[www.coolmath-games.com/sites/cmatgame/files/css/css_hILIyHMT72qpA9wSf3VhMU1SKy5Rf1UrTNz0HL7YnkI.css]
[ajax.googleapis.com/ajax/libs/jquery/1.8.3/jquery.js]
[www.coolmath-games.com/sites/cmatgame/files/js/js_vSmhpx_T-AShyt_WMW5_TcwwxJP1imoVOa8jvwL_mxE.js]
[www.coolmath-games.com/sites/cmatgame/files/js/js_6RfqyQ6dGB15EZV8a7SPpd5EOSSerQR7s-GxPVyVTqA.js]
[www.coolmath-games.com/sites/cmatgame/files/js/js_NrH38_iVE-my53ZJa33N_2gr3pXp9ig3gjcpo3CcjXg.js]
[www.coolmath-games.com/privacy-policy-–-gdpr]
[www.coolmath-games.com/signup/b2df5a333b42.html]
[www.coolmath-games.com/sites/cmatgame/files/logo.png]
[www.coolmath-games.com/user/login.html]
[www.coolmath-games.com/1-strategy-games.html]
[www.coolmath-games.com/1-skill-games.html]
[www.coolmath-games.com/1-number-games.html]
[www.coolmath-games.com/1-logic-games.html]
[www.coolmath-games.com/trivia.html]
[www.coolmath-games.com/1-classic-games.html]
[www.coolmath-games.com/0-jigsaw-puzzles.html]
[www.coolmath-games.com/1-memory-games.html]
[www.coolmath-games.com/profiles/dsk/modules/contrib/jquery_update/replace/jquery/1.8/jquery.js]
[www.coolmath-games.com/1-geography-games.html]
[www.coolmath-games.com/1-science-games.html]
[www.coolmath-games.com/1-html5-games.html]
[www.coolmath-games.com/1-playlists.html]
[www.coolmath-games.com/random.html]
[www.coolmath-games.com/1-unlockable-game-list.html]
[www.coolmath-games.com/1-complete-game-list.html]
[www.coolmath-games.com/sites/cmatgame/files/cm4k-copy.png]
[www.coolmath-games.com/sites/cmatgame/files/cm.png]
[www.coolmath-games.com/1-new-games.html]
[www.coolmath-games.com/0-the-illusory-wall.html]
[www.coolmath-games.com/sites/cmatgame/files/styles/thumbnail_small/public/game_thumbnail/the-illusory-wall-game-logo6970.png]
[www.coolmath-games.com/0-cannon-basketball-4.html]
[www.coolmath-games.com/sites/cmatgame/files/styles/thumbnail_small/public/game_thumbnail/cannon-basketball-4-game-logo43d6.png]
[www.coolmath-games.com/0-another-gentlemans-adventure.html]
[www.coolmath-games.com/sites/cmatgame/files/styles/thumbnail_small/public/game_thumbnail/another-gentlemans-adventure-game-logo7a72.png]
[www.coolmath-games.com/0-circloo-2.html]
[www.coolmath-games.com/sites/cmatgame/files/styles/thumbnail_small/public/game_thumbnail/circloo-2-game-logobb4b.png]
[www.coolmath-games.com/0-lets-play-golf.html]
[www.coolmath-games.com/sites/cmatgame/files/styles/thumbnail_small/public/game_thumbnail/lets-play-golf-game-logo9219.png]
[www.coolmath-games.com/0-the-sun-for-the-vampire-3.html]
[www.coolmath-games.com/sites/cmatgame/files/styles/thumbnail_small/public/game_thumbnail/the-sun-for-the-vampire-3-game-logo6e2a.png]
[www.coolmath-games.com/0-wipo.html]
[www.coolmath-games.com/sites/cmatgame/files/styles/thumbnail_small/public/game_thumbnail/wipo-game-logoadc3.png]
[www.coolmath-games.com/0-tail-of-the-dragon.html]
[www.coolmath-games.com/sites/cmatgame/files/styles/thumbnail_small/public/game_thumbnail/tail-of-the-dragon-game-logo4aeb.png]
[www.coolmath-games.com/0-plug-me.html]
[www.coolmath-games.com/sites/cmatgame/files/styles/thumbnail_small/public/game_thumbnail/plug-me-game-logoa637.png]
[www.coolmath-games.com/0-jet-boy.html]
[www.coolmath-games.com/sites/cmatgame/files/styles/thumbnail_small/public/game_thumbnail/jet-boy-game-logo3323.png]
[www.coolmath-games.com/sites/cmatgame/files/prebid-v0.34.4.js]
[www.coolmath-games.com/0-rocket-dancer.html]
[www.coolmath-games.com/sites/cmatgame/files/styles/thumbnail_small/public/game_thumbnail/rocket-dancer-game-logoa3ea.png]
[www.coolmath-games.com/0-basketball-master-2.html]
[www.coolmath-games.com/sites/cmatgame/files/styles/thumbnail_small/public/game_thumbnail/basketball-master-2-game-logo0f89.png]
[www.coolmath-games.com/0-learn-to-fly-3.html]
[www.coolmath-games.com/sites/cmatgame/files/styles/thumbnail_small/public/game_thumbnail/learn-to-fly-3-game-logo-37e57.png]
[www.coolmath-games.com/0-moto-x3m-winter.html]
[www.coolmath-games.com/sites/cmatgame/files/styles/thumbnail_small/public/game_thumbnail/moto-x3m-winter-game-logo58e3.png]
[www.coolmath-games.com/0-awesome-tanks-2.html]
[www.coolmath-games.com/sites/cmatgame/files/styles/thumbnail_small/public/game_thumbnail/awesome-tanks-2-game-logo8f08.png]
[www.coolmath-games.com/0-papas-sushiria.html]
[www.coolmath-games.com/sites/cmatgame/files/styles/thumbnail_small/public/game_thumbnail/papas-sushiria-game-logo60df.gif]
[www.coolmath-games.com/0-clicker-heroes.html]
[www.coolmath-games.com/sites/cmatgame/files/clicker-heroes-b2.jpg]
[www.coolmath-games.com/0-run-3.html]
[www.coolmath-games.com/sites/cmatgame/files/styles/thumbnail_small/public/game_thumbnail/run-3-game-logo-new724e.png]
[www.coolmath-games.com/0-fireboy-watergirl-forest-temple.html]
[www.coolmath-games.com/sites/cmatgame/files/styles/thumbnail_small/public/game_thumbnail/fireboy-watergirl-forest-temple-game-logo238f.png]
[www.coolmath-games.com/0-papas-freezeria.html]
[www.coolmath-games.com/sites/cmatgame/files/styles/thumbnail_small/public/game-logo-papas-freezeria_1477d.gif]
[www.coolmath-games.com/0-chess.html]
[www.coolmath-games.com/sites/cmatgame/files/styles/thumbnail_small/public/chess-iconcfab.png]
[www.coolmath-games.com/0-moto-x3m.html]
[www.coolmath-games.com/sites/cmatgame/files/styles/thumbnail_small/public/game_thumbnail/moto-x3m-game-logo26ca.png]
[www.coolmath-games.com/0-snake.html]
[www.coolmath-games.com/sites/cmatgame/files/styles/thumbnail_small/public/game_thumbnail/snake-game-logob8cf.png]
[www.coolmath-games.com/0-raft-wars.html]
[www.coolmath-games.com/sites/cmatgame/files/styles/thumbnail_small/public/game_thumbnail/raft-wars-game-logo54f4.png]
[www.coolmath-games.com/0-hangman.html]
[www.coolmath-games.com/sites/cmatgame/files/styles/thumbnail_small/public/game_thumbnail/hangman-game-logo-26b72.png]
[www.coolmath-games.com/0-worlds-hardest-game.html]
[www.coolmath-games.com/sites/cmatgame/files/styles/thumbnail_small/public/game_thumbnail/game-logo-worlds-hardest-gamebd75.gif]
[www.coolmath-games.com/0-b-cubed.html]
[www.coolmath-games.com/sites/cmatgame/files/styles/thumbnail_small/public/game_thumbnail/game-logo-b-cubed-83x5074b5.gif]
[www.coolmath-games.com/1-popular-games.html]
[www.coolmath-games.com/0-run-2.html]
[www.coolmath-games.com/sites/cmatgame/files/styles/thumbnail_small/public/game_thumbnail/game-logo-run-2cbef.gif]
[www.coolmath-games.com/0-bloxorz.html]
[www.coolmath-games.com/sites/cmatgame/files/styles/thumbnail_small/public/game_thumbnail/game-logo-bloxorzcf81.gif]
[www.coolmath-games.com/0-parking-fury-2.html]
[www.coolmath-games.com/sites/cmatgame/files/styles/thumbnail_small/public/game_thumbnail/park_fury_2_83x50_0a1a6.png]
[www.coolmath-games.com/0-papas-bakeria.html]
[www.coolmath-games.com/sites/cmatgame/files/styles/thumbnail_small/public/game_thumbnail/papas-bakeria-game-logo69e7.gif]
[www.coolmath-games.com/0-awesome-tanks.html]
[www.coolmath-games.com/sites/cmatgame/files/styles/thumbnail_small/public/game_thumbnail/awesome-tanks-game-logo7718.png]
[www.coolmath-games.com/0-there-is-no-game.html]
[www.coolmath-games.com/sites/cmatgame/files/styles/thumbnail_small/public/game_thumbnail/there-is-no-game-logob13c.png]
[www.coolmath-games.com/0-iq-ball.html]
[www.coolmath-games.com/sites/cmatgame/files/styles/thumbnail_small/public/game_thumbnail/game-logo-iq-ball03a9.gif]
[www.coolmath-games.com/0-basket-and-ball.html]
[www.coolmath-games.com/sites/cmatgame/files/styles/thumbnail_small/public/game_thumbnail/basket-and-ball-logobadc.png]
[www.coolmath-games.com/0-sticky-ninja-missions.html]
[www.coolmath-games.com/sites/cmatgame/files/styles/thumbnail_small/public/game_thumbnail/sticky-ninja-missions-game-logo6ddd.png]
[www.coolmath-games.com/0-bob-the-robber.html]
[www.coolmath-games.com/sites/cmatgame/files/styles/thumbnail_small/public/game_thumbnail/bob-the-robber-game-logo10f2.png]
[www.coolmath-games.com/0-papa-louie-3-when-sundaes-attack.html]
[www.coolmath-games.com/sites/cmatgame/files/styles/thumbnail_small/public/game_thumbnail/papa-louie-3-game-logo4008.gif]
[www.coolmath-games.com/0-dont-look-back.html]
[www.coolmath-games.com/sites/cmatgame/files/styles/thumbnail_small/public/game_thumbnail/dont-look-back-game-logo1934.png]
[www.coolmath-games.com/0-tic-tac-toe.html]
[www.coolmath-games.com/sites/cmatgame/files/styles/thumbnail_small/public/game_thumbnail/tic-tac-toe-game-logo95b4.png]
[www.coolmath-games.com/0-cannon-basketball-2.html]
[www.coolmath-games.com/sites/cmatgame/files/styles/thumbnail_small/public/game_thumbnail/cannon-basketball-2-logoa1ca.png]
[www.coolmath-games.com/0-jacksmith.html]
[www.coolmath-games.com/sites/cmatgame/files/styles/thumbnail_small/public/game_thumbnail/jacksmith-game-logo80fa.png]
[www.coolmath-games.com/0-red-ball-4-volume-3.html]
[www.coolmath-games.com/sites/cmatgame/files/styles/thumbnail_small/public/game_thumbnail/game-logo-red-ball-4-volume-3f36d.gif]
[www.coolmath-games.com/0-duck-life.html]
[www.coolmath-games.com/sites/cmatgame/files/styles/thumbnail_small/public/game_thumbnail/game-logo-duck-life-1dc2a.gif]
[www.coolmath-games.com/0-color-circles.html]
[www.coolmath-games.com/sites/cmatgame/files/styles/thumbnail_small/public/game_thumbnail/color-circles-game-logoc973.png]
[www.coolmath-games.com/0-parkingmania.html]
[www.coolmath-games.com/sites/cmatgame/files/styles/thumbnail_small/public/game_thumbnail/game-logo-parking-mania88b6.gif]
[www.coolmath-games.com/0-slime-laboratory-2.html]
[www.coolmath-games.com/sites/cmatgame/files/styles/thumbnail_small/public/game_thumbnail/slime-laboratory-2-logo72b4.png]
[www.coolmath-games.com/0-diggy.html]
[www.coolmath-games.com/sites/cmatgame/files/styles/thumbnail_small/public/game_thumbnail/game-logo-diggybf68.gif]
[www.coolmath-games.com/0-circloo.html]
[www.coolmath-games.com/sites/cmatgame/files/styles/thumbnail_small/public/game_thumbnail/circloo-game-logof288.png]
[www.coolmath-games.com/0-apple-worm.html]
[www.coolmath-games.com/sites/cmatgame/files/styles/thumbnail_small/public/game_thumbnail/apple-worm-game-logo1b63.png]
[www.coolmath-games.com/0-sugar-sugar-3.html]
[www.coolmath-games.com/sites/cmatgame/files/styles/thumbnail_small/public/game_thumbnail/sugarsugar35bec.png]
[www.coolmath-games.com/0-jelly-truck.html]
[www.coolmath-games.com/sites/cmatgame/files/styles/thumbnail_small/public/game_thumbnail/game-logo-jelly-trucke8d8.gif]
[www.coolmath-games.com/0-truck-loader-4.html]
[www.coolmath-games.com/sites/cmatgame/files/styles/thumbnail_small/public/game_thumbnail/game-logo-truck-loader-4fdb4.gif]
[www.coolmath-games.com/0-2048.html]
[www.coolmath-games.com/sites/cmatgame/files/styles/thumbnail_small/public/game_thumbnail/game-logo-20488733.gif]
[www.coolmath-games.com/0-the-sun-for-the-vampire-2.html]
[www.coolmath-games.com/sites/cmatgame/files/styles/thumbnail_small/public/game_thumbnail/sun-for-the-vampire-2-game-logo74a2.png]
[www.coolmath-games.com/0-block-the-pig.html]
[www.coolmath-games.com/sites/cmatgame/files/styles/thumbnail_small/public/game_thumbnail/game-logo-block-the-pig968a.gif]
[www.coolmath-games.com/0-tower-of-destiny.html]
[www.coolmath-games.com/sites/cmatgame/files/styles/thumbnail_small/public/game_thumbnail/tower-of-destiny-logo24d1.png]
[www.coolmath-games.com/0-burrito-bison.html]
[www.coolmath-games.com/sites/cmatgame/files/styles/thumbnail_small/public/game_thumbnail/burrito-bison-logo8745.png]
[www.coolmath-games.com/0-divide.html]
[www.coolmath-games.com/sites/cmatgame/files/styles/thumbnail_small/public/game_thumbnail/game-logo-dividebd70.gif]
[www.coolmath-games.com/0-pre-civilization-bronze-age.html]
[www.coolmath-games.com/sites/cmatgame/files/styles/thumbnail_small/public/game_thumbnail/game-logo-preciv-bronze-age_03922.gif]
[www.coolmath-games.com/0-papas-cheeseria.html]
[www.coolmath-games.com/sites/cmatgame/files/styles/thumbnail_small/public/game_thumbnail/game-logo-papas-cheeseriaa248.gif]
[www.coolmath-games.com/0-checkers.html]
[www.coolmath-games.com/sites/cmatgame/files/styles/thumbnail_small/public/game_thumbnail/checkers-game-logo9646.png]
[www.coolmath-games.com/0-toy-defense.html]
[www.coolmath-games.com/sites/cmatgame/files/styles/thumbnail_small/public/game_thumbnail/toy-defense-logo_1c2e2.png]
[www.coolmath-games.com/0-strategic-tic-tac-toe.html]
[www.coolmath-games.com/sites/cmatgame/files/styles/thumbnail_small/public/game_thumbnail/strategic-tic-tac-toe-game-logo44ad.png]
[www.coolmath-games.com/0-bloons-tower-defense-1.html]
[www.coolmath-games.com/sites/cmatgame/files/styles/thumbnail_small/public/game_thumbnail/game-logobtd17679.gif]
[www.coolmath-games.com/0-run.html]
[www.coolmath-games.com/sites/cmatgame/files/styles/thumbnail_small/public/game_thumbnail/game-logo-run8c8d.gif]
[www.coolmath-games.com/0-big-tower-tiny-square.html]
[www.coolmath-games.com/sites/cmatgame/files/styles/thumbnail_small/public/game_thumbnail/big-tower-tiny-square-game-logo0d45.png]
[www.coolmath-games.com/0-60-second-burger-run.html]
[www.coolmath-games.com/sites/cmatgame/files/styles/thumbnail_small/public/game_thumbnail/game-logo-60-second-burger-runcbe7.gif]
[www.coolmath-games.com/0-fireboy-watergirl-2-light-temple.html]
[www.coolmath-games.com/sites/cmatgame/files/styles/thumbnail_small/public/game_thumbnail/fireboy-watergirl-light-temple-game-logo48c4.png]
[www.coolmath-games.com/0-worlds-hardest-game-2.html]
[www.coolmath-games.com/sites/cmatgame/files/styles/thumbnail_small/public/game_thumbnail/game-logo-worlds-hardest-game-28f00.gif]
[www.coolmath-games.com/0-sip.html]
[www.coolmath-games.com/sites/cmatgame/files/styles/thumbnail_small/public/game_thumbnail/game-logo-sip6143.png]
[www.coolmath-games.com/0-johnny-upgrade.html]
[www.coolmath-games.com/sites/cmatgame/files/styles/thumbnail_small/public/game_thumbnail/game-logo-johnny-upgradec19e.gif]
[www.coolmath-games.com/0-sudoku.html]
[www.coolmath-games.com/sites/cmatgame/files/styles/thumbnail_small/public/game_thumbnail/sudoku-game-logo_01598.png]
[www.coolmath-games.com/0-grab-them-by-the-eyes.html]
[www.coolmath-games.com/sites/cmatgame/files/styles/thumbnail_small/public/game_thumbnail/grab-them-by-the-eyes-game-logo8589.png]
[www.coolmath-games.com/0-building-rush-2.html]
[www.coolmath-games.com/sites/cmatgame/files/styles/thumbnail_small/public/building-rush-game-logoa50e.png]
[www.coolmath-games.com/0-crazy-taxi-m12.html]
[www.coolmath-games.com/sites/cmatgame/files/styles/thumbnail_small/public/game-logo-crazy-taxi-m128bdd.gif]
[www.coolmath-games.com/0-into-space-2.html]
[www.coolmath-games.com/sites/cmatgame/files/styles/thumbnail_small/public/game_thumbnail/into-space-2-game-logo0da8.png]
[www.coolmath-games.com/0-cannon-basketball.html]
[www.coolmath-games.com/sites/cmatgame/files/styles/thumbnail_small/public/game_thumbnail/cannon-basketball-game-logo104e.png]
[www.coolmath-games.com/0-puzzle-ball.html]
[www.coolmath-games.com/sites/cmatgame/files/styles/thumbnail_small/public/game_thumbnail/puzzle-ball-game-logoc24d.png]
[www.coolmath-games.com/0-liveline.html]
[www.coolmath-games.com/sites/cmatgame/files/styles/thumbnail_small/public/game_thumbnail/live-line-game-logofb1c.png]
[www.coolmath-games.com/0-parking-panic.html]
[www.coolmath-games.com/sites/cmatgame/files/styles/thumbnail_small/public/game_thumbnail/game-logo-parking-paniccc50.gif]
[www.coolmath-games.com/0-find-the-candy.html]
[www.coolmath-games.com/sites/cmatgame/files/styles/thumbnail_small/public/game_thumbnail/find-the-candy-game-logofb03.png]
[www.coolmath-games.com/sites/cmatgame/files/chess-right-rail_300x102_transparent.png]
[www.coolmath-games.com/0-word-search.html]
[www.coolmath-games.com/sites/cmatgame/files/word-search-promo.png]
[www.coolmath-games.com/sites/cmatgame/files/hangman-promo-right-rail.png]
[www.coolmath-games.com/1-eat-all-things.html]
[www.coolmath-games.com/sites/cmatgame/files/styles/playlist_grid/public/sites/cmatgame/files/taxonomy_icon/eatallthethings.gif]
[www.coolmath-games.com/1-start-your-engines.html]
[www.coolmath-games.com/sites/cmatgame/files/startyourengines_1.gif]
[www.coolmath-games.com/1-ball-games.html]
[www.coolmath-games.com/sites/cmatgame/files/ballgames_1.gif]
[www.coolmath-games.com/1-ninja-games.html]
[www.coolmath-games.com/sites/cmatgame/files/ninjagames_1.gif]
[www.coolmath-games.com/1-wacky-weird-and-wild.html]
[www.coolmath-games.com/sites/cmatgame/files/wackyweirdandwild_1.gif]
[www.coolmath-games.com/1-crazy-hard-games.html]
[www.coolmath-games.com/sites/cmatgame/files/hardgames.gif]
[www.coolmath-games.com/suggest-a-game.html]
[www.coolmath-games.com/submit-a-game.html]
[www.coolmath-games.com/privacyp.html]
[www.coolmath-games.com/about-us.html]
[www.coolmath-games.com/terms-use.html]
[www.coolmath-games.com/aboutourads.html]
[www.coolmath-games.com/copyrights-fair-use.html]
[www.coolmath-games.com/subscription-faq.html]
[www.coolmath-games.com/contact-us-about-subscriptions.html]
[www.coolmath-games.com/1-winter-holiday-games.html]
[www.coolmath-games.com/sites/cmatgame/modules/custom/cmatgame_advertisement/js/ads035f.js]
[www.coolmath-games.com/index.html]
[www.coolmath-games.com/sites/cmatgame/files/js/js_mB5V6AjiDM-Cd65Ou4lGvJiQuM0z2VNYKfB-tESkOdI.js]
[www.coolmath-games.com/sites/cmatgame/files/js/js_YBq66PvygNMb3z3SfkobAKliN8vkfgDynnfQTsrmcQ8.js]
[www.coolmath-games.com/misc/throbber-inactive.png]
[www.coolmath-games.com/sites/cmatgame/files/css/css_GkeqQjzVgzzy9aO8w7NBmdpfYEYFpkJ-3ogoX_W57ZY.css]
[www.coolmath-games.com/sites/cmatgame/files/css/css_Y1-8NQ_LtLRo-q3BhsGUj4-DuiRMtf9wyU08p15ex_M.css]
[www.coolmath-games.com/profiles/dsk/modules/contrib/ctools/images/status-active.gif]
[www.coolmath-games.com/sites/cmatgame/files/login-box/go-button.png]
[www.coolmath-games.com/sites/cmatgame/files/login-box/go-button-over.png]
[www.coolmath-games.com/sites/cmatgame/files/css/css_rzMBmkwb08Tdyvqaxu6e95BW_3f31YHwCJFTkdIUW_A.css]
[www.coolmath-games.com/sites/cmatgame/themes/cmatgame/webfonts/2C5CB7_0_0.eot]
[www.coolmath-games.com/sites/cmatgame/themes/cmatgame/webfonts/2C5CB7_0_0d41d.eot]
[www.coolmath-games.com/sites/cmatgame/themes/cmatgame/webfonts/2C5CB7_0_0.woff]
[www.coolmath-games.com/sites/cmatgame/themes/cmatgame/webfonts/2C5CB7_0_0.ttf]
[www.coolmath-games.com/sites/cmatgame/themes/cmatgame/webfonts/2C5CB7_1_0.eot]
[www.coolmath-games.com/sites/cmatgame/themes/cmatgame/webfonts/2C5CB7_1_0d41d.eot]
[www.coolmath-games.com/sites/cmatgame/themes/cmatgame/webfonts/2C5CB7_1_0.woff]
[www.coolmath-games.com/sites/cmatgame/themes/cmatgame/webfonts/2C5CB7_1_0.ttf]
[www.coolmath-games.com/sites/cmatgame/themes/cmatgame/css/fonts/MarkSimonson_ProximaNovaSoftRegularIE.eot]
[www.coolmath-games.com/sites/cmatgame/themes/cmatgame/images/message-24-ok7ee3.png]
[www.coolmath-games.com/sites/cmatgame/themes/cmatgame/fonts/new-baskerville/NewBaskerville-Itl-webfont.eot]
[www.coolmath-games.com/sites/cmatgame/files/css/css_hILIyHMT72qpA9wSf3VhMU1SKy5Rf1UrTNz0HL7YnkI.css]
[www.coolmath-games.com/privacy-policy-–-gdpr.html]
[www.coolmath-games.com/signup/b2df5a33.html]
[www.coolmath-games.com/sites/cmatgame/files/trackjs.js]
[www.coolmath-games.com/sites/cmatgame/files/js/js_KCd8rbJYUruV1tRJnh4um34UYvyhlrSVCPR1jNko2h8.js]
[cdn.trackjs.com/releases/current/tracker.js]
[www.coolmath-games.com/sites/cmatgame/files/js/js_a1g88lriizeu3dxSU793zQoFRrKTyGhZbHMxbGYq1iI.js]
[www.coolmath-games.com/sites/cmatgame/files/js/js_pYbEntf318E5LQcHT8stzV2MYJQV9CmVOqcm9D1Utak.js]
[www.coolmath-games.com/user/login19ad.html]
[www.coolmath-games.com/sites/cmatgame/files/js/js_OM5a5AIVqf5te8IYJNbng-Xuy7hOKVgz0eYfiBq-hFM.js]
[www.coolmath-games.com/sites/cmatgame/files/js/js_dZsAE14y9oqQrVFcF1a_pufB0T9q9aFVF-jSkI0P2lg.js]
[www.coolmath-games.com/signup/b2df5a333b42.html]
[www.coolmath-games.com/user/login.html]
[www.coolmath-games.com/user/password.html]
[www.coolmath-games.com/1-new-strategy-games.html]
[www.coolmath-games.com/0-pirates-match-3.html]
[www.coolmath-games.com/sites/cmatgame/files/styles/thumbnail_small/public/game_thumbnail/pirates-match-3-game-logo0232.png]
[www.coolmath-games.com/0-dungeon-decks.html]
[www.coolmath-games.com/sites/cmatgame/files/styles/thumbnail_small/public/game_thumbnail/dungeon-decks-game-logo7b6d.png]
[www.coolmath-games.com/0-quad-blocks.html]
[www.coolmath-games.com/sites/cmatgame/files/styles/thumbnail_small/public/game_thumbnail/quad-blocks-game-logoeb5e.png]
[www.coolmath-games.com/0-stranded-isle.html]
[www.coolmath-games.com/sites/cmatgame/files/styles/thumbnail_small/public/game_thumbnail/stranded-isle-game-logo44e6.png]
[www.coolmath-games.com/0-my-kingdom-for-the-princess.html]
[www.coolmath-games.com/sites/cmatgame/files/styles/thumbnail_small/public/game_thumbnail/my-kingdom-for-the-princess-game-logod7f8.png]
[www.coolmath-games.com/0-tubetris.html]
[www.coolmath-games.com/sites/cmatgame/files/styles/thumbnail_small/public/game_thumbnail/tubetris-game-logo9654.png]
[www.coolmath-games.com/1-popular-strategy-games.html]
[www.coolmath-games.com/sites/cmatgame/files/styles/thumbnail_small/public/chess-icond31e.png]
[www.coolmath-games.com/sites/cmatgame/files/styles/thumbnail_small/public/game_thumbnail/clicker-heroes-game-logo0765.png]
[www.coolmath-games.com/0-the-final-earth.html]
[www.coolmath-games.com/sites/cmatgame/files/styles/thumbnail_small/public/game_thumbnail/the-final-earth-game-logobce3.png]
[www.coolmath-games.com/0-mainlands-wars.html]
[www.coolmath-games.com/sites/cmatgame/files/styles/thumbnail_small/public/game_thumbnail/mainlands-wars-game-logoab91.png]
[www.coolmath-games.com/0-4-in-a-row.html]
[www.coolmath-games.com/sites/cmatgame/files/styles/thumbnail_small/public/game_thumbnail/4-in-a-row-game-logod983.png]
[www.coolmath-games.com/0-bricksbreaking.html]
[www.coolmath-games.com/sites/cmatgame/files/styles/thumbnail_small/public/game_thumbnail/game-logo-bricks-breakingc54d.gif]
[www.coolmath-games.com/0-papas-donuteria.html]
[www.coolmath-games.com/sites/cmatgame/files/styles/thumbnail_small/public/game_thumbnail/game-logo-papas-donuteria-withtext09f0.gif]
[www.coolmath-games.com/0-sugar-sugar-2.html]
[www.coolmath-games.com/sites/cmatgame/files/styles/thumbnail_small/public/game_thumbnail/game-logo-sugar-sugar-28c0b.gif]
[www.coolmath-games.com/0-dig-to-china.html]
[www.coolmath-games.com/sites/cmatgame/files/styles/thumbnail_small/public/game_thumbnail/game-logo-dig-to-chinaa088.gif]
[www.coolmath-games.com/0-learn-to-fly-2.html]
[www.coolmath-games.com/sites/cmatgame/files/styles/thumbnail_small/public/game_thumbnail/learn-to-fly-2-logo_08aff.png]
[www.coolmath-games.com/1-business-games.html]
[www.coolmath-games.com/0-mini-metro-london.html]
[www.coolmath-games.com/sites/cmatgame/files/styles/thumbnail_small/public/game_thumbnail/mini-metro-london-game-logo-32c5c.png]
[www.coolmath-games.com/0-papas-pancakeria.html]
[www.coolmath-games.com/sites/cmatgame/files/styles/thumbnail_small/public/game_thumbnail/game-logo-papas-pancakeria_08a56.gif]
[www.coolmath-games.com/0-coffee-shop.html]
[www.coolmath-games.com/sites/cmatgame/files/styles/thumbnail_small/public/game_thumbnail/game-logo-coffeeshopf612.gif]
[www.coolmath-games.com/1-tower-defense-games.html]
[www.coolmath-games.com/0-bloons-tower-defense-3.html]
[www.coolmath-games.com/sites/cmatgame/files/styles/thumbnail_small/public/game_thumbnail/game-logo-btd3-50d3a2.gif]
[www.coolmath-games.com/0-bloom-defender.html]
[www.coolmath-games.com/sites/cmatgame/files/styles/thumbnail_small/public/game_thumbnail/bloom-defender-logo6bf0.png]
[www.coolmath-games.com/0-emoticon-defense.html]
[www.coolmath-games.com/sites/cmatgame/files/styles/thumbnail_small/public/game_thumbnail/game-logo-emoticon-defense0a4b.gif]
[www.coolmath-games.com/0-bubble-tanks-tower-defense-bttd.html]
[www.coolmath-games.com/sites/cmatgame/files/styles/thumbnail_small/public/game_thumbnail/game-logo-bubble-tanks-tower-defense-1-5d8dd.gif]
[www.coolmath-games.com/1-endless-puzzles-games.html]
[www.coolmath-games.com/0-tetroid-3.html]
[www.coolmath-games.com/sites/cmatgame/files/styles/thumbnail_small/public/game_thumbnail/tetroid-3-logo8e8b.png]
[www.coolmath-games.com/0-copycat.html]
[www.coolmath-games.com/sites/cmatgame/files/styles/thumbnail_small/public/game_thumbnail/copycat-game-logo_0d389.png]
[www.coolmath-games.com/0-tiny-heist.html]
[www.coolmath-games.com/sites/cmatgame/files/styles/thumbnail_small/public/game_thumbnail/tiny-heist-game-logo529d.png]
[www.coolmath-games.com/0-mumbai-jets-traffic.html]
[www.coolmath-games.com/sites/cmatgame/files/styles/thumbnail_small/public/game_thumbnail/mumbai-jets-traffic-game-logo11cf.png]
[www.coolmath-games.com/0-minesweeper.html]
[www.coolmath-games.com/sites/cmatgame/files/styles/thumbnail_small/public/game_thumbnail/minesweeper-game-logo99cf.png]
[www.coolmath-games.com/0-bricksbreaking2.html]
[www.coolmath-games.com/sites/cmatgame/files/styles/thumbnail_small/public/game_thumbnail/game-logo-bricks-breaking2d771.gif]
[www.coolmath-games.com/1-match-3-games.html]
[www.coolmath-games.com/0-click-battle-madness.html]
[www.coolmath-games.com/sites/cmatgame/files/styles/thumbnail_small/public/game_thumbnail/click-battle-madness-game-logod302.jpg]
[www.coolmath-games.com/0-tingly-bubble-shooter.html]
[www.coolmath-games.com/sites/cmatgame/files/styles/thumbnail_small/public/game_thumbnail/tingly-bubble-shooter-game-logob21f.png]
[www.coolmath-games.com/0-gemswap2.html]
[www.coolmath-games.com/sites/cmatgame/files/styles/thumbnail_small/public/game_thumbnail/game-logo-gem-swap274c1.gif]
[www.coolmath-games.com/0-combo-crusader.html]
[www.coolmath-games.com/sites/cmatgame/files/styles/thumbnail_small/public/game_thumbnail/combo-crusader-game-logob448.png]
[www.coolmath-games.com/0-pebble-boy.html]
[www.coolmath-games.com/sites/cmatgame/files/styles/thumbnail_small/public/game_thumbnail/pebble-boy-screenshot-83x50_06f19.png]
[www.coolmath-games.com/0-sailor-pop.html]
[www.coolmath-games.com/sites/cmatgame/files/styles/thumbnail_small/public/game_thumbnail/sailor-pop-logocc43.png]
[www.coolmath-games.com/1-construction-games.html]
[www.coolmath-games.com/0-unfreeze-me.html]
[www.coolmath-games.com/sites/cmatgame/files/styles/thumbnail_small/public/game_thumbnail/game-logo-unfreeze-me33f4.gif]
[www.coolmath-games.com/0-cargo-bridge.html]
[www.coolmath-games.com/sites/cmatgame/files/styles/thumbnail_small/public/game_thumbnail/game-logo-cargo-bridge9f55.gif]
[www.coolmath-games.com/0-isoball-2.html]
[www.coolmath-games.com/sites/cmatgame/files/styles/thumbnail_small/public/game_thumbnail/game-logo-isoball-2a138.gif]
[www.coolmath-games.com/0-build-the-bridge.html]
[www.coolmath-games.com/sites/cmatgame/files/styles/thumbnail_small/public/game_thumbnail/game-logo-build-the-bridge3239.gif]
[www.coolmath-games.com/0-sticky-blobs.html]
[www.coolmath-games.com/sites/cmatgame/files/styles/thumbnail_small/public/game_thumbnail/game-logo-sticky-blobs68d9.gif]
[www.coolmath-games.com/0-isoball-x1.html]
[www.coolmath-games.com/sites/cmatgame/files/styles/thumbnail_small/public/game_thumbnail/game-logo-isoball-x-153ca.gif]
[www.coolmath-games.com/1-figure-it-out-games.html]
[www.coolmath-games.com/0-faraway.html]
[www.coolmath-games.com/sites/cmatgame/files/styles/thumbnail_small/public/game_thumbnail/faraway-game-logoe12f.png]
[www.coolmath-games.com/sites/cmatgame/files/styles/thumbnail_small/public/game_thumbnail/hangman-game-logo-24c64.png]
[www.coolmath-games.com/0-sand-trap.html]
[www.coolmath-games.com/sites/cmatgame/files/styles/thumbnail_small/public/game_thumbnail/sand-trap-game-logo6aa5.png]
[www.coolmath-games.com/0-viewpoint.html]
[www.coolmath-games.com/sites/cmatgame/files/styles/thumbnail_small/public/game_thumbnail/viewpoint-game-logocc68.png]
[www.coolmath-games.com/0-coloruid.html]
[www.coolmath-games.com/sites/cmatgame/files/styles/thumbnail_small/public/game_thumbnail/coloruid-game-logoeaee.png]
[www.coolmath-games.com/1-aiming-games.html]
[www.coolmath-games.com/0-arcade-golf-neon.html]
[www.coolmath-games.com/sites/cmatgame/files/styles/thumbnail_small/public/game_thumbnail/arcade-golf-neon-game-logo8345.png]
[www.coolmath-games.com/sites/cmatgame/files/styles/thumbnail_small/public/game_thumbnail/raft-wars-game-logo8ec7.png]
[www.coolmath-games.com/0-cannon-basketball-3.html]
[www.coolmath-games.com/sites/cmatgame/files/styles/thumbnail_small/public/game_thumbnail/cannon-basketball-3-game-logo7057.png]
[www.coolmath-games.com/1-strategy-games.html]
[www.coolmath-games.com/1-new-skill-games.html]
[www.coolmath-games.com/0-metrocubevania.html]
[www.coolmath-games.com/sites/cmatgame/files/styles/thumbnail_small/public/game_thumbnail/metrocubevania_game_logoc27b.png]
[www.coolmath-games.com/0-one-button-hero.html]
[www.coolmath-games.com/sites/cmatgame/files/styles/thumbnail_small/public/game_thumbnail/one-button-hero-game-logo143d.png]
[www.coolmath-games.com/1-popular-skill-games.html]
[www.coolmath-games.com/0-parking-fury.html]
[www.coolmath-games.com/sites/cmatgame/files/styles/thumbnail_small/public/game_thumbnail/parking-fury-game-logocc0b.gif]
[www.coolmath-games.com/0-raft-wars-2.html]
[www.coolmath-games.com/sites/cmatgame/files/styles/thumbnail_small/public/game_thumbnail/raft-wars-2-game-logo2148.png]
[www.coolmath-games.com/sites/cmatgame/files/styles/thumbnail_small/public/game_thumbnail/game-logo-worlds-hardest-game03d4.gif]
[www.coolmath-games.com/0-the-sun-for-the-vampire.html]
[www.coolmath-games.com/sites/cmatgame/files/styles/thumbnail_small/public/game_thumbnail/sun-for-the-vampire-game-logob5bb.png]
[www.coolmath-games.com/sites/cmatgame/files/styles/thumbnail_small/public/game_thumbnail/snake-game-logo8e6a.png]
[www.coolmath-games.com/0-duck-life-treasure-hunt.html]
[www.coolmath-games.com/sites/cmatgame/files/styles/thumbnail_small/public/game_thumbnail/duck-life-treasure-hunt-game-logoc96d.png]
[www.coolmath-games.com/0-red-ball-4-volume-2.html]
[www.coolmath-games.com/sites/cmatgame/files/styles/thumbnail_small/public/game_thumbnail/game-logo-red-ball-4-volume-2cbbe.gif]
[www.coolmath-games.com/0-jelly-escape.html]
[www.coolmath-games.com/sites/cmatgame/files/styles/thumbnail_small/public/game_thumbnail/game-logo-jelly-escapefdc0.gif]
[www.coolmath-games.com/0-fireboy-watergirl-4-crystal-temple.html]
[www.coolmath-games.com/sites/cmatgame/files/styles/thumbnail_small/public/game_thumbnail/fireboy-watergirl-crystal-temple-game-logo79ba.png]
[www.coolmath-games.com/0-slime-laboratory.html]
[www.coolmath-games.com/sites/cmatgame/files/styles/thumbnail_small/public/game_thumbnail/slime-laboratory-game-logo59b0.png]
[www.coolmath-games.com/0-pixel-quest.html]
[www.coolmath-games.com/sites/cmatgame/files/styles/thumbnail_small/public/game_thumbnail/game-logo-pixel-questd7e2.gif]
[www.coolmath-games.com/1-platformers-games.html]
[www.coolmath-games.com/0-jumphobia.html]
[www.coolmath-games.com/sites/cmatgame/files/styles/thumbnail_small/public/game_thumbnail/jumphobia-game-logo_04a42.png]
[www.coolmath-games.com/0-green-mission.html]
[www.coolmath-games.com/sites/cmatgame/files/styles/thumbnail_small/public/game_thumbnail/green-mission-game-logo3820.png]
[www.coolmath-games.com/0-bloxcalibur.html]
[www.coolmath-games.com/sites/cmatgame/files/styles/thumbnail_small/public/game_thumbnail/bloxcalibur-game-logo766e.png]
[www.coolmath-games.com/0-colour-rush.html]
[www.coolmath-games.com/sites/cmatgame/files/styles/thumbnail_small/public/game_thumbnail/colour-rush-game-logo-2_03971.png]
[www.coolmath-games.com/0-wonderputt.html]
[www.coolmath-games.com/sites/cmatgame/files/styles/thumbnail_small/public/game_thumbnail/wonderputt-game-logod688.png]
[www.coolmath-games.com/1-timing-games.html]
[www.coolmath-games.com/0-mango-mania.html]
[www.coolmath-games.com/sites/cmatgame/files/styles/thumbnail_small/public/game_thumbnail/mango-mania-game-logo664e.png]
[www.coolmath-games.com/0-evil-wyrm.html]
[www.coolmath-games.com/sites/cmatgame/files/styles/thumbnail_small/public/game_thumbnail/evil-wyrm-game-logo-204e2.png]
[www.coolmath-games.com/1-hard-controls-games.html]
[www.coolmath-games.com/0-impossible-snake.html]
[www.coolmath-games.com/sites/cmatgame/files/styles/thumbnail_small/public/game_thumbnail/impossible-snake-game-logo299a.png]
[www.coolmath-games.com/0-last-horizon.html]
[www.coolmath-games.com/sites/cmatgame/files/styles/thumbnail_small/public/game_thumbnail/last-horizon-game-logo6ead.png]
[www.coolmath-games.com/0-one-more-flight.html]
[www.coolmath-games.com/sites/cmatgame/files/styles/thumbnail_small/public/game_thumbnail/one-more-flight-logoe1fd.png]
[www.coolmath-games.com/0-dolphin-olympics-2.html]
[www.coolmath-games.com/sites/cmatgame/files/styles/thumbnail_small/public/game_thumbnail/dolphin-olympics-2-game-logo5a69.png]
[www.coolmath-games.com/0-worm-nom-nom.html]
[www.coolmath-games.com/sites/cmatgame/files/styles/thumbnail_small/public/game_thumbnail/worm-nom-nom-game-logo86d7.png]
[www.coolmath-games.com/1-time-management-games.html]
[www.coolmath-games.com/0-kukoo-machines.html]
[www.coolmath-games.com/sites/cmatgame/files/styles/thumbnail_small/public/game_thumbnail/game-logo-kukoo-machinesa4f5.gif]
[www.coolmath-games.com/1-one-button-games.html]
[www.coolmath-games.com/0-space-is-key.html]
[www.coolmath-games.com/sites/cmatgame/files/styles/thumbnail_small/public/game_thumbnail/game-logo-space-is-keya431.gif]
[www.coolmath-games.com/0-beavus.html]
[www.coolmath-games.com/sites/cmatgame/files/styles/thumbnail_small/public/game_thumbnail/game-logo-beavus1967.gif]
[www.coolmath-games.com/0-monster-snake.html]
[www.coolmath-games.com/sites/cmatgame/files/styles/thumbnail_small/public/game_thumbnail/monster-snake-game-icon0b1a.png]
[www.coolmath-games.com/0-olympic-jump.html]
[www.coolmath-games.com/sites/cmatgame/files/styles/thumbnail_small/public/game_thumbnail/olympic-jump-game-logobd01.png]
[www.coolmath-games.com/1-rotating-games.html]
[www.coolmath-games.com/0-gravity-trails.html]
[www.coolmath-games.com/sites/cmatgame/files/styles/thumbnail_small/public/game_thumbnail/gravity-trails-game-logo265f.png]
[www.coolmath-games.com/0-flip-dojo.html]
[www.coolmath-games.com/sites/cmatgame/files/styles/thumbnail_small/public/game_thumbnail/game-logo-flip-dojob1ad.gif]
[www.coolmath-games.com/0-liquid-2.html]
[www.coolmath-games.com/sites/cmatgame/files/styles/thumbnail_small/public/game_thumbnail/game-logo-liquid-278d9.gif]
[www.coolmath-games.com/0-looking-for.html]
[www.coolmath-games.com/sites/cmatgame/files/styles/thumbnail_small/public/game_thumbnail/looking-for-game-logo5994.png]
[www.coolmath-games.com/1-stacking-games.html]
[www.coolmath-games.com/0-ship-loader.html]
[www.coolmath-games.com/sites/cmatgame/files/styles/thumbnail_small/public/game_thumbnail/game-logo-ship-loaderbe69.gif]
[www.coolmath-games.com/0-release-the-mooks.html]
[www.coolmath-games.com/sites/cmatgame/files/styles/thumbnail_small/public/game_thumbnail/game-logo-release-the-mooks7e63.gif]
[www.coolmath-games.com/0-king-of-shapes.html]
[www.coolmath-games.com/sites/cmatgame/files/styles/thumbnail_small/public/game_thumbnail/game-logo-king-of-shapescf3f.gif]
[www.coolmath-games.com/0-critter-cargo.html]
[www.coolmath-games.com/sites/cmatgame/files/styles/thumbnail_small/public/game_thumbnail/game-logo-critter-cargo9c81.gif]
[www.coolmath-games.com/0-winter-stacker.html]
[www.coolmath-games.com/sites/cmatgame/files/styles/thumbnail_small/public/game_thumbnail/winter-stacker-game-logof494.png]
[www.coolmath-games.com/0-truck-loader-2.html]
[www.coolmath-games.com/sites/cmatgame/files/styles/thumbnail_small/public/game_thumbnail/game-logo-truck-loader-2e6d5.gif]
[www.coolmath-games.com/1-skill-games.html]
[www.coolmath-games.com/1-new-number-games.html]
[www.coolmath-games.com/0-b-side.html]
[www.coolmath-games.com/sites/cmatgame/files/styles/thumbnail_small/public/game_thumbnail/b-side-game-logo99db.png]
[www.coolmath-games.com/0-numberium.html]
[www.coolmath-games.com/sites/cmatgame/files/styles/thumbnail_small/public/game_thumbnail/numberium-game-logo4343.png]
[www.coolmath-games.com/0-numberhood.html]
[www.coolmath-games.com/sites/cmatgame/files/styles/thumbnail_small/public/game_thumbnail/numberhood-game-logo1c2d.png]
[www.coolmath-games.com/1-popular-number-games.html]
[www.coolmath-games.com/0-parking-mania-zoo-escape.html]
[www.coolmath-games.com/sites/cmatgame/files/styles/thumbnail_small/public/game_thumbnail/game-logo-parking-mania-zoo-escapecfcd.gif]
[www.coolmath-games.com/0-kakuro.html]
[www.coolmath-games.com/sites/cmatgame/files/styles/thumbnail_small/public/game_thumbnail/game-logo-kakuroeed2.gif]
[www.coolmath-games.com/1-addition-subtraction-games.html]
[www.coolmath-games.com/0-number-tumbler.html]
[www.coolmath-games.com/sites/cmatgame/files/styles/thumbnail_small/public/game_thumbnail/number-tumbler-game-logo_0b927.png]
[www.coolmath-games.com/0-sum-points.html]
[www.coolmath-games.com/sites/cmatgame/files/styles/thumbnail_small/public/game_thumbnail/game-logo-sum-points90dc.gif]
[www.coolmath-games.com/0-number-twins.html]
[www.coolmath-games.com/sites/cmatgame/files/styles/thumbnail_small/public/game_thumbnail/game-logo-number-twins5a87.gif]
[www.coolmath-games.com/0-make15.html]
[www.coolmath-games.com/sites/cmatgame/files/styles/thumbnail_small/public/game_thumbnail/game-logo-make-1586a7.gif]
[www.coolmath-games.com/0-math-lines.html]
[www.coolmath-games.com/sites/cmatgame/files/styles/thumbnail_small/public/game_thumbnail/game-logo-math-linesad30.gif]
[www.coolmath-games.com/0-subtraction-blast.html]
[www.coolmath-games.com/sites/cmatgame/files/styles/thumbnail_small/public/game_thumbnail/game-logo-subtraction-blast2f1e.gif]
[www.coolmath-games.com/1-multiplicationdivision-games.html]
[www.coolmath-games.com/0-math-man.html]
[www.coolmath-games.com/sites/cmatgame/files/styles/thumbnail_small/public/game_thumbnail/game-logo-math-manc16c.gif]
[www.coolmath-games.com/0-math-vs-monsters.html]
[www.coolmath-games.com/sites/cmatgame/files/styles/thumbnail_small/public/game_thumbnail/game-logo-math-vs-monstersd6a2.gif]
[www.coolmath-games.com/0-math-lines-xfactor.html]
[www.coolmath-games.com/sites/cmatgame/files/styles/thumbnail_small/public/game_thumbnail/game-logo-math-lines-xfactora83a.gif]
[www.coolmath-games.com/0-make24.html]
[www.coolmath-games.com/sites/cmatgame/files/styles/thumbnail_small/public/game_thumbnail/game-logo-make-2459de.gif]
[www.coolmath-games.com/0-arithmeticgame.html]
[www.coolmath-games.com/sites/cmatgame/files/styles/thumbnail_small/public/game_thumbnail/game-logo-arithmeticgame1e94.gif]
[www.coolmath-games.com/1-applied-math-games.html]
[www.coolmath-games.com/0-rullo.html]
[www.coolmath-games.com/sites/cmatgame/files/styles/thumbnail_small/public/game_thumbnail/rullo-game-logoa620.png]
[www.coolmath-games.com/0-learn-to-fly-idle.html]
[www.coolmath-games.com/sites/cmatgame/files/styles/thumbnail_small/public/game_thumbnail/learn-to-fly-idle-game-logod657.png]
[www.coolmath-games.com/0-fraction-splat.html]
[www.coolmath-games.com/sites/cmatgame/files/styles/thumbnail_small/public/game_thumbnail/game-logo-fraction-splat290b.gif]
[www.coolmath-games.com/0-greaterthansudoku.html]
[www.coolmath-games.com/sites/cmatgame/files/styles/thumbnail_small/public/game_thumbnail/game-logo-greater-than-sudokue38f.gif]
[www.coolmath-games.com/0-countcubes.html]
[www.coolmath-games.com/sites/cmatgame/files/styles/thumbnail_small/public/game_thumbnail/game-logo-count-cubes8c20.gif]
[www.coolmath-games.com/0-numberballs.html]
[www.coolmath-games.com/sites/cmatgame/files/styles/thumbnail_small/public/game_thumbnail/game-logo-number-ballsc790.gif]
[www.coolmath-games.com/0-nonogram.html]
[www.coolmath-games.com/sites/cmatgame/files/styles/thumbnail_small/public/game_thumbnail/game-logo-nonogram2195.gif]
[www.coolmath-games.com/0-nambers.html]
[www.coolmath-games.com/sites/cmatgame/files/styles/thumbnail_small/public/game_thumbnail/nambers-game-logo7d82.png]
[www.coolmath-games.com/1-number-games.html]
[www.coolmath-games.com/1-new-logic-games.html]
[www.coolmath-games.com/0-super-nippon-removals.html]
[www.coolmath-games.com/sites/cmatgame/files/styles/thumbnail_small/public/game_thumbnail/super-nippon-removals-game-logo7e5a.png]
[www.coolmath-games.com/0-find-the-candy-3.html]
[www.coolmath-games.com/sites/cmatgame/files/styles/thumbnail_small/public/game_thumbnail/find-the-candy-3-game-logo9a85.png]
[www.coolmath-games.com/0-knightin.html]
[www.coolmath-games.com/sites/cmatgame/files/styles/thumbnail_small/public/game_thumbnail/knightin-game-logo1b15.png]
[www.coolmath-games.com/0-unpuzzle.html]
[www.coolmath-games.com/sites/cmatgame/files/styles/thumbnail_small/public/game_thumbnail/unpuzzle-game-logo4810.png]
[www.coolmath-games.com/1-popular-logic-games.html]
[www.coolmath-games.com/0-bump-bump-bump.html]
[www.coolmath-games.com/sites/cmatgame/files/styles/thumbnail_small/public/game_thumbnail/bump-bump-bump-game-logo5d3a.png]
[www.coolmath-games.com/sites/cmatgame/files/styles/thumbnail_small/public/game_thumbnail/game-logo-b-cubed-83x504fea.gif]
[www.coolmath-games.com/0-down-is-up.html]
[www.coolmath-games.com/sites/cmatgame/files/styles/thumbnail_small/public/game_thumbnail/down-is-up-game-logo3db1.png]
[www.coolmath-games.com/0-wheely-5.html]
[www.coolmath-games.com/sites/cmatgame/files/styles/thumbnail_small/public/game_thumbnail/game-logo-wheely-5c82f.gif]
[www.coolmath-games.com/0-snail-bob-2.html]
[www.coolmath-games.com/sites/cmatgame/files/styles/thumbnail_small/public/game_thumbnail/game-logo-snail-bob-24664.gif]
[www.coolmath-games.com/0-ninja-miner.html]
[www.coolmath-games.com/sites/cmatgame/files/styles/thumbnail_small/public/game_thumbnail/game-logo-ninja-miner4fe6.gif]
[www.coolmath-games.com/0-factory-balls.html]
[www.coolmath-games.com/sites/cmatgame/files/styles/thumbnail_small/public/game_thumbnail/game-logo-factory-balls-10cad.gif]
[www.coolmath-games.com/0-team-of-robbers-2.html]
[www.coolmath-games.com/sites/cmatgame/files/styles/thumbnail_small/public/game_thumbnail/team-of-robbers-2-game-logof0ae.png]
[www.coolmath-games.com/0-building-demolisher.html]
[www.coolmath-games.com/sites/cmatgame/files/styles/thumbnail_small/public/game_thumbnail/game-logo-building-demolisher775c.gif]
[www.coolmath-games.com/0-home-sheep-home-2.html]
[www.coolmath-games.com/sites/cmatgame/files/styles/thumbnail_small/public/game_thumbnail/game-logo-home-sheep-home-2c38c.gif]
[www.coolmath-games.com/0-jellydad-hero.html]
[www.coolmath-games.com/sites/cmatgame/files/styles/thumbnail_small/public/game_thumbnail/game-logo-jellydad-herof283.gif]
[www.coolmath-games.com/1-helping-games.html]
[www.coolmath-games.com/0-wheely-7.html]
[www.coolmath-games.com/sites/cmatgame/files/styles/thumbnail_small/public/game_thumbnail/wheely-7-game-logo71fe.png]
[www.coolmath-games.com/0-good-daddy.html]
[www.coolmath-games.com/sites/cmatgame/files/styles/thumbnail_small/public/game_thumbnail/game-logo-good-daddy1364.gif]
[www.coolmath-games.com/0-doctor-acorn.html]
[www.coolmath-games.com/sites/cmatgame/files/styles/thumbnail_small/public/game_thumbnail/game-logo-doctor-acornba74.gif]
[www.coolmath-games.com/0-amigo-coyote-6.html]
[www.coolmath-games.com/sites/cmatgame/files/styles/thumbnail_small/public/game_thumbnail/capturead59.png]
[www.coolmath-games.com/0-car-ferry.html]
[www.coolmath-games.com/sites/cmatgame/files/styles/thumbnail_small/public/game_thumbnail/game-logo-car-ferryfcf2.gif]
[www.coolmath-games.com/0-robo-trobo.html]
[www.coolmath-games.com/sites/cmatgame/files/styles/thumbnail_small/public/game_thumbnail/game-logo-robo-trobo236a.gif]
[www.coolmath-games.com/1-platforming-puzzle-games.html]
[www.coolmath-games.com/0-parallel-platformer.html]
[www.coolmath-games.com/sites/cmatgame/files/styles/thumbnail_small/public/game_thumbnail/parallel-platformer-game-logo650b.png]
[www.coolmath-games.com/0-fatty-genius.html]
[www.coolmath-games.com/sites/cmatgame/files/styles/thumbnail_small/public/game_thumbnail/game-logo-fatty-geniusa9bf.gif]
[www.coolmath-games.com/0-the-i-of-it.html]
[www.coolmath-games.com/sites/cmatgame/files/styles/thumbnail_small/public/game_thumbnail/game-logo-the-i-of-itf52a.gif]
[www.coolmath-games.com/0-3-pandas.html]
[www.coolmath-games.com/sites/cmatgame/files/styles/thumbnail_small/public/game_thumbnail/3-pandas-game-logo6c8b.png]
[www.coolmath-games.com/0-use-boxmen.html]
[www.coolmath-games.com/sites/cmatgame/files/styles/thumbnail_small/public/game_thumbnail/game-logo-use-boxmen3554.gif]
[www.coolmath-games.com/0-chronotron.html]
[www.coolmath-games.com/sites/cmatgame/files/styles/thumbnail_small/public/game_thumbnail/game-logo-chronotron0ef77.gif]
[www.coolmath-games.com/1-drawing-games.html]
[www.coolmath-games.com/0-sketch-2.html]
[www.coolmath-games.com/sites/cmatgame/files/styles/thumbnail_small/public/game_thumbnail/sketch-2-game-logo6456.png]
[www.coolmath-games.com/0-space-rescue.html]
[www.coolmath-games.com/sites/cmatgame/files/styles/thumbnail_small/public/game_thumbnail/space-rescue-game-logo2326.png]
[www.coolmath-games.com/0-sugar-sugar.html]
[www.coolmath-games.com/sites/cmatgame/files/styles/thumbnail_small/public/game_thumbnail/game-logo-sugar-sugar6b46.gif]
[www.coolmath-games.com/0-smart-pen.html]
[www.coolmath-games.com/sites/cmatgame/files/styles/thumbnail_small/public/game_thumbnail/smart-pen-game-logofd39.png]
[www.coolmath-games.com/0-tube-master.html]
[www.coolmath-games.com/sites/cmatgame/files/styles/thumbnail_small/public/game_thumbnail/game-logo-tube-mastera0dd.gif]
[www.coolmath-games.com/1-physics-puzzle-games.html]
[www.coolmath-games.com/0-a-stroll-in-space.html]
[www.coolmath-games.com/sites/cmatgame/files/styles/thumbnail_small/public/game_thumbnail/game-logo-a-stroll-in-spacee5b5.gif]
[www.coolmath-games.com/0-amigo-coyote.html]
[www.coolmath-games.com/sites/cmatgame/files/styles/thumbnail_small/public/game_thumbnail/game-logo-amigo-coyote9093.gif]
[www.coolmath-games.com/0-where-is-my-beard.html]
[www.coolmath-games.com/sites/cmatgame/files/styles/thumbnail_small/public/game_thumbnail/game-logo-where-is-my-beardfb7d.gif]
[www.coolmath-games.com/0-blosics-2.html]
[www.coolmath-games.com/sites/cmatgame/files/styles/thumbnail_small/public/game_thumbnail/game-logo-blosics-2da1c.gif]
[www.coolmath-games.com/0-mouse-house.html]
[www.coolmath-games.com/sites/cmatgame/files/styles/thumbnail_small/public/game_thumbnail/game-logo-mouse-house49c3.gif]
[www.coolmath-games.com/1-think-outside-box-games.html]
[www.coolmath-games.com/0-yellow.html]
[www.coolmath-games.com/sites/cmatgame/files/styles/thumbnail_small/public/game_thumbnail/yellow-logo8ea5.png]
[www.coolmath-games.com/0-cat-in-japan.html]
[www.coolmath-games.com/sites/cmatgame/files/styles/thumbnail_small/public/game_thumbnail/cat-in-japan-game-logo3e45.png]
[www.coolmath-games.com/0-above-average-guy.html]
[www.coolmath-games.com/sites/cmatgame/files/styles/thumbnail_small/public/game_thumbnail/above-average-guy-game-logo_19a78.png]
[www.coolmath-games.com/0-how-smart-are-you.html]
[www.coolmath-games.com/sites/cmatgame/files/styles/thumbnail_small/public/game_thumbnail/game-logo-how-smart-are-you87f3.gif]
[www.coolmath-games.com/0-40xEscape.html]
[www.coolmath-games.com/sites/cmatgame/files/styles/thumbnail_small/public/game_thumbnail/game-logo-40xescape2041.gif]
[www.coolmath-games.com/0-whats-inside-the-box.html]
[www.coolmath-games.com/sites/cmatgame/files/styles/thumbnail_small/public/game_thumbnail/whats-inside-the-box-game-logo30b9.png]
[www.coolmath-games.com/1-block-removal-games.html]
[www.coolmath-games.com/0-icesters-trouble.html]
[www.coolmath-games.com/sites/cmatgame/files/styles/thumbnail_small/public/game_thumbnail/icesters-trouble-game-logo4112.png]
[www.coolmath-games.com/0-vampirizer.html]
[www.coolmath-games.com/sites/cmatgame/files/styles/thumbnail_small/public/game_thumbnail/vampirizer-game-logo3c8e.png]
[www.coolmath-games.com/0-cat-around-the-world.html]
[www.coolmath-games.com/sites/cmatgame/files/styles/thumbnail_small/public/game_thumbnail/game-logo-cat-around-the-world5365.gif]
[www.coolmath-games.com/0-snowball-siege-2.html]
[www.coolmath-games.com/sites/cmatgame/files/styles/thumbnail_small/public/game_thumbnail/game-logo-snowball-siege-27476.gif]
[www.coolmath-games.com/0-blockoomz-2.html]
[www.coolmath-games.com/sites/cmatgame/files/styles/thumbnail_small/public/game_thumbnail/blockoomz-2-game-logod9de.png]
[www.coolmath-games.com/0-dino-sitter.html]
[www.coolmath-games.com/sites/cmatgame/files/styles/thumbnail_small/public/game_thumbnail/dino-sitter-game-logo_02da1.png]
[www.coolmath-games.com/1-building-games.html]
[www.coolmath-games.com/0-isoball.html]
[www.coolmath-games.com/sites/cmatgame/files/styles/thumbnail_small/public/game_thumbnail/game-logo-isoballa02a.gif]
[www.coolmath-games.com/0-rainbow-mechanic.html]
[www.coolmath-games.com/sites/cmatgame/files/styles/thumbnail_small/public/game_thumbnail/game-logo-rainbow-mechanic8490.gif]
[www.coolmath-games.com/1-rope-cutting-games.html]
[www.coolmath-games.com/0-blobs-story.html]
[www.coolmath-games.com/sites/cmatgame/files/styles/thumbnail_small/public/game_thumbnail/game-logo-blobs-story6ffb.gif]
[www.coolmath-games.com/0-civiballs.html]
[www.coolmath-games.com/sites/cmatgame/files/styles/thumbnail_small/public/game_thumbnail/game-logo-civiballs7b69.gif]
[www.coolmath-games.com/0-orange-gravity.html]
[www.coolmath-games.com/sites/cmatgame/files/styles/thumbnail_small/public/game_thumbnail/game-logo-orange-gravity0c3f.gif]
[www.coolmath-games.com/0-nutty-yums.html]
[www.coolmath-games.com/sites/cmatgame/files/styles/thumbnail_small/public/game_thumbnail/game-logo-nutty-yums7158.gif]
[www.coolmath-games.com/0-colorful-penguins.html]
[www.coolmath-games.com/sites/cmatgame/files/styles/thumbnail_small/public/game_thumbnail/game-logo-colorful-penguins99a3.gif]
[www.coolmath-games.com/0-future-buddy.html]
[www.coolmath-games.com/sites/cmatgame/files/styles/thumbnail_small/public/game_thumbnail/game-logo-future-buddy2415.gif]
[www.coolmath-games.com/1-sliding-games.html]
[www.coolmath-games.com/0-ninja-painter.html]
[www.coolmath-games.com/sites/cmatgame/files/styles/thumbnail_small/public/game_thumbnail/game-logo-ninja-painter14f7.gif]
[www.coolmath-games.com/0-guardian-rock.html]
[www.coolmath-games.com/sites/cmatgame/files/styles/thumbnail_small/public/game_thumbnail/game-logo-guardian-rock56ac.gif]
[www.coolmath-games.com/0-spectrum-slider.html]
[www.coolmath-games.com/sites/cmatgame/files/styles/thumbnail_small/public/game_thumbnail/spectrum-slider-logo_0a64f.png]
[www.coolmath-games.com/0-wooden-path-2.html]
[www.coolmath-games.com/sites/cmatgame/files/styles/thumbnail_small/public/game_thumbnail/game-logo-wooden-paths-25094.gif]
[www.coolmath-games.com/0-need-a-hero.html]
[www.coolmath-games.com/sites/cmatgame/files/styles/thumbnail_small/public/game_thumbnail/need-a-hero-game-logoaa71.png]
[www.coolmath-games.com/1-logic-games.html]
[www.coolmath-games.com/sites/cmatgame/files/css/css_BzdDhA40XhKModllBeF4ZZpKsyc8tWQUewsDn8_HTHg.css]
[www.coolmath-games.com/sites/cmatgame/files/logo_cropped.png]
[www.coolmath-games.com/quiz-category/arts-entertainment.html]
[www.coolmath-games.com/quiz-category/movies.html]
[www.coolmath-games.com/quiz-category/books-literature.html]
[www.coolmath-games.com/quiz-category/music.html]
[www.coolmath-games.com/quiz-category/television.html]
[www.coolmath-games.com/quiz-category/sports.html]
[www.coolmath-games.com/quiz-category/food-home.html]
[www.coolmath-games.com/quiz-category/style.html]
[www.coolmath-games.com/quiz-category/body-health.html]
[www.coolmath-games.com/quiz-category/fun-stuff.html]
[www.coolmath-games.com/quiz-category/history-politics.html]
[www.coolmath-games.com/quiz-category/places.html]
[www.coolmath-games.com/quiz-category/science-nature.html]
[www.coolmath-games.com/trivia.html]
[www.coolmath-games.com/0-peg-solitaire.html]
[www.coolmath-games.com/sites/cmatgame/files/styles/thumbnail_small/public/game_thumbnail/peg-solitaire-game-icon8479.png]
[www.coolmath-games.com/sites/cmatgame/files/js/js_a2nxmjSwVC2UaOkLd5uxxWtqZgOUgNJXy3N1NwQ4rK4.js]
[www.coolmath-games.com/0-solitaire.html]
[www.coolmath-games.com/sites/cmatgame/files/styles/thumbnail_small/public/game_thumbnail/solitaire-game-logo3abf.png]
[www.coolmath-games.com/0-hearts.html]
[www.coolmath-games.com/sites/cmatgame/files/styles/thumbnail_small/public/game_thumbnail/hearts-logoe0ee.png]
[www.coolmath-games.com/0-freecell.html]
[www.coolmath-games.com/sites/cmatgame/files/styles/thumbnail_small/public/game_thumbnail/freecell-game-logo14cd.png]
[www.coolmath-games.com/0-reversi.html]
[www.coolmath-games.com/sites/cmatgame/files/styles/thumbnail_small/public/game_thumbnail/reversi-game-logo_07349.png]
[www.coolmath-games.com/0-classic-mahjongg.html]
[www.coolmath-games.com/sites/cmatgame/files/styles/thumbnail_small/public/game_thumbnail/classic-mahjongg-game-logo9b28.png]
[www.coolmath-games.com/0-magic-solitaire.html]
[www.coolmath-games.com/sites/cmatgame/files/styles/thumbnail_small/public/game_thumbnail/magic-solitaire-game-logo2fd5.png]
[www.coolmath-games.com/0-spider-solitaire.html]
[www.coolmath-games.com/sites/cmatgame/files/styles/thumbnail_small/public/game_thumbnail/spider-solitaire-game-logo68d8.png]
[www.coolmath-games.com/0-lavanoid.html]
[www.coolmath-games.com/sites/cmatgame/files/styles/thumbnail_small/public/game_thumbnail/lavanoid-logof77e.png]
[www.coolmath-games.com/0-cup-of-tea-mahjong.html]
[www.coolmath-games.com/sites/cmatgame/files/styles/thumbnail_small/public/game_thumbnail/cup-of-tea-mahjong-game-logo62c5.png]
[www.coolmath-games.com/0-coffee-mahjong.html]
[www.coolmath-games.com/sites/cmatgame/files/styles/thumbnail_small/public/game_thumbnail/coffee-mahjong-game-logoc220.jpg]
[www.coolmath-games.com/0-jolly-jong.html]
[www.coolmath-games.com/sites/cmatgame/files/styles/thumbnail_small/public/game_thumbnail/jolly-jong-game-logobe00.png]
[www.coolmath-games.com/0-mahjong-for-christmas.html]
[www.coolmath-games.com/sites/cmatgame/files/styles/thumbnail_small/public/game_thumbnail/mahjong-for-christmas-game-logobb5c.png]
[www.coolmath-games.com/0-pet-mahjongg.html]
[www.coolmath-games.com/sites/cmatgame/files/styles/thumbnail_small/public/game_thumbnail/pet-mahjongg-game-logo2b67.png]
[www.coolmath-games.com/0-transport-mahjong.html]
[www.coolmath-games.com/sites/cmatgame/files/styles/thumbnail_small/public/game_thumbnail/transport-mahjong-game-logoe3b2.png]
[www.coolmath-games.com/0-duck-pond-mahjong.html]
[www.coolmath-games.com/sites/cmatgame/files/styles/thumbnail_small/public/game_thumbnail/duck-pond-mahjong-game-logof488.png]
[www.coolmath-games.com/0-mahjong-deluxe.html]
[www.coolmath-games.com/sites/cmatgame/files/styles/thumbnail_small/public/game_thumbnail/mahjong-deluxe-game-icon10aa.png]
[www.coolmath-games.com/0-monster-mahjong.html]
[www.coolmath-games.com/sites/cmatgame/files/styles/thumbnail_small/public/game_thumbnail/game-logo-monsterjong13fc.gif]
[www.coolmath-games.com/0-zoo-match.html]
[www.coolmath-games.com/sites/cmatgame/files/styles/thumbnail_small/public/game_thumbnail/zoo-match-logo1d75.jpg]
[www.coolmath-games.com/0-backgammon.html]
[www.coolmath-games.com/sites/cmatgame/files/styles/thumbnail_small/public/game_thumbnail/backgammon-game-logoc2a6.png]
[www.coolmath-games.com/1-classic-games.html]
[www.coolmath-games.com/online-jigsaw-puzzles/sports/long-shot/medium.html]
[www.coolmath-games.com/sites/cmatgame/files/puzzle_outline.png]
[www.coolmath-games.com/sites/cmatgame/files/styles/thumbnail_middle/public/puzzle_thumbnail/soccer-stadium-nighttimef2a5.jpg]
[www.coolmath-games.com/online-jigsaw-puzzles/sports/long-shot/easy.html]
[www.coolmath-games.com/online-jigsaw-puzzles/coolmath-games/sticky-ninja-academy/medium.html]
[www.coolmath-games.com/sites/cmatgame/files/styles/thumbnail_middle/public/puzzle_thumbnail/sticky-ninja-academyfeaa.png]
[www.coolmath-games.com/online-jigsaw-puzzles/coolmath-games/sticky-ninja-academy/easy.html]
[www.coolmath-games.com/online-jigsaw-puzzles/american-moments/first-moon-landing/medium.html]
[www.coolmath-games.com/sites/cmatgame/files/styles/thumbnail_middle/public/puzzle_thumbnail/the-first-moon-landing1556.jpg]
[www.coolmath-games.com/online-jigsaw-puzzles/american-moments/first-moon-landing/easy.html]
[www.coolmath-games.com/online-jigsaw-puzzles/cool-animals/red-eyed-tree-frog/medium.html]
[www.coolmath-games.com/sites/cmatgame/files/styles/thumbnail_middle/public/puzzle_thumbnail/red-eye-tree-frog4490.jpg]
[www.coolmath-games.com/online-jigsaw-puzzles/cool-animals/red-eyed-tree-frog/easy.html]
[www.coolmath-games.com/online-jigsaw-puzzles/coolmath-games/wheely/medium.html]
[www.coolmath-games.com/sites/cmatgame/files/styles/thumbnail_middle/public/puzzle_thumbnail/wheely7cb7.jpg]
[www.coolmath-games.com/online-jigsaw-puzzles/coolmath-games/wheely/easy.html]
[www.coolmath-games.com/online-jigsaw-puzzles/coolmath-games/b-cubed/medium.html]
[www.coolmath-games.com/sites/cmatgame/files/styles/thumbnail_middle/public/puzzle_thumbnail/b-cubede088.png]
[www.coolmath-games.com/online-jigsaw-puzzles/coolmath-games/b-cubed/easy.html]
[www.coolmath-games.com/online-jigsaw-puzzles/cool-animals/crouching-tiger/medium.html]
[www.coolmath-games.com/sites/cmatgame/files/styles/thumbnail_middle/public/sumatran-tiger-on-grass948d.jpg]
[www.coolmath-games.com/online-jigsaw-puzzles/cool-animals/crouching-tiger/easy.html]
[www.coolmath-games.com/online-jigsaw-puzzles/coolmath-games/pixel-quest/medium.html]
[www.coolmath-games.com/sites/cmatgame/files/styles/thumbnail_middle/public/puzzle_thumbnail/pixel-queste02d.png]
[www.coolmath-games.com/online-jigsaw-puzzles/coolmath-games/pixel-quest/easy.html]
[www.coolmath-games.com/online-jigsaw-puzzles/coolmath-games/cannon-basketball/medium.html]
[www.coolmath-games.com/sites/cmatgame/files/styles/thumbnail_middle/public/puzzle_thumbnail/cannon-basketball0ac7.jpg]
[www.coolmath-games.com/online-jigsaw-puzzles/coolmath-games/cannon-basketball/easy.html]
[www.coolmath-games.com/puzzle-category/cool-animals.html]
[www.coolmath-games.com/sites/cmatgame/files/styles/thumbnail_middle/public/puzzle_category/cool-animals-jigsaw-puzzles709f.jpg]
[www.coolmath-games.com/puzzle-category/fun-stuff.html]
[www.coolmath-games.com/sites/cmatgame/files/styles/thumbnail_middle/public/puzzle_category/fun-stuff-jigsaw-puzzles3fbc.jpg]
[www.coolmath-games.com/puzzle-category/coolmath-games.html]
[www.coolmath-games.com/sites/cmatgame/files/styles/thumbnail_middle/public/puzzle_category/coolmath-games-jigsaw-puzzlesf070.jpg]
[www.coolmath-games.com/puzzle-category/amazing-places.html]
[www.coolmath-games.com/sites/cmatgame/files/styles/thumbnail_middle/public/puzzle_category/amazing-places-puzzles78e7.jpg]
[www.coolmath-games.com/puzzle-category/fast-machines.html]
[www.coolmath-games.com/sites/cmatgame/files/styles/thumbnail_middle/public/puzzle_category/fast-machines-puzzles-23de3.jpg]
[www.coolmath-games.com/puzzle-category/sports.html]
[www.coolmath-games.com/sites/cmatgame/files/styles/thumbnail_middle/public/puzzle_category/sports-jigsaw-puzzles9389.jpg]
[www.coolmath-games.com/jigsaw-puzzles-beach-01.html]
[www.coolmath-games.com/sites/cmatgame/files/styles/thumbnail_middle/public/puzzle_category/beach_jigsaw_puzzles7c3c.jpg]
[www.coolmath-games.com/jigsaw-puzzles-fall-02.html]
[www.coolmath-games.com/sites/cmatgame/files/styles/thumbnail_middle/public/puzzle_category/fall-jigsaw-puzzles35b8.jpg]
[www.coolmath-games.com/jigsaw-puzzles-flowers-01.html]
[www.coolmath-games.com/sites/cmatgame/files/styles/thumbnail_middle/public/puzzle_category/flowers-jigsaw-puzzles887c.jpg]
[www.coolmath-games.com/jigsaw-puzzles-fractal-01.html]
[www.coolmath-games.com/sites/cmatgame/files/styles/thumbnail_middle/public/puzzle_category/fractal-jigsaw-puzzlesc66c.gif]
[www.coolmath-games.com/jigsaw-puzzles-easy-01.html]
[www.coolmath-games.com/sites/cmatgame/files/styles/thumbnail_middle/public/puzzle_category/easy-jigsaw-puzzlesf3d6.gif]
[www.coolmath-games.com/jigsaw-puzzles-graphics-01.html]
[www.coolmath-games.com/sites/cmatgame/files/styles/thumbnail_middle/public/puzzle_category/cool-graphics-jigsaw-puzzlesa825.jpg]
[www.coolmath-games.com/jigsaw-puzzles-chicago-01.html]
[www.coolmath-games.com/sites/cmatgame/files/styles/thumbnail_middle/public/puzzle_category/chicago-jigsaw-puzzles6298.jpg]
[www.coolmath-games.com/jigsaw-puzzles-yellowstone-01.html]
[www.coolmath-games.com/sites/cmatgame/files/styles/thumbnail_middle/public/puzzle_category/yellowstone-jigsaw-puzzlese91a.jpg]
[www.coolmath-games.com/bhutan-puzzles.html]
[www.coolmath-games.com/sites/cmatgame/files/styles/thumbnail_middle/public/puzzle_category/bhutan-jigsaw-puzzles0214.jpg]
[www.coolmath-games.com/puzzle-category/american-moments.html]
[www.coolmath-games.com/sites/cmatgame/files/styles/thumbnail_middle/public/puzzle_category/american-moments-puzzles0a81.jpg]
[www.coolmath-games.com/jigsaw-puzzles-critters-animals-01.html]
[www.coolmath-games.com/sites/cmatgame/files/styles/thumbnail_middle/public/puzzle_category/critters-jigsaw-puzzles9638.jpg]
[www.coolmath-games.com/jigsaw-puzzles-michigan-01.html]
[www.coolmath-games.com/sites/cmatgame/files/styles/thumbnail_middle/public/puzzle_category/michigan-jigsaw-puzzlesd74c.jpg]
[www.coolmath-games.com/jigsaw-puzzles-colorado-01.html]
[www.coolmath-games.com/sites/cmatgame/files/styles/thumbnail_middle/public/puzzle_category/colorado-jigsaw-puzzlesbf28.jpg]
[www.coolmath-games.com/jigsaw-puzzles-yosemite-01.html]
[www.coolmath-games.com/sites/cmatgame/files/styles/thumbnail_middle/public/puzzle_category/yosemite-jigsaw-puzzlesb579.jpg]
[www.coolmath-games.com/jigsaw-puzzles-holiday-01.html]
[www.coolmath-games.com/sites/cmatgame/files/styles/thumbnail_middle/public/puzzle_category/christmas-jigsaw-puzzlesf4fb.jpg]
[www.coolmath-games.com/0-jigsaw-puzzles.html]
[www.coolmath-games.com/0-kishoutenketsu.html]
[www.coolmath-games.com/sites/cmatgame/files/styles/thumbnail_small/public/game_thumbnail/kishoutenketsu-game-logo98f0.png]
[www.coolmath-games.com/0-save-the-paintings.html]
[www.coolmath-games.com/sites/cmatgame/files/styles/thumbnail_small/public/game_thumbnail/save-the-paintings-game-logo9299.png]
[www.coolmath-games.com/0-le-chat-fonce.html]
[www.coolmath-games.com/sites/cmatgame/files/styles/thumbnail_small/public/game_thumbnail/le-chat-fonce-game-logo0a73.png]
[www.coolmath-games.com/0-potatoman-seeks-the-troof.html]
[www.coolmath-games.com/sites/cmatgame/files/styles/thumbnail_small/public/game_thumbnail/potatoman-seeks-the-troof-game-logo4c4c.png]
[www.coolmath-games.com/0-triple-adventure.html]
[www.coolmath-games.com/sites/cmatgame/files/styles/thumbnail_small/public/game_thumbnail/triple-adventure-game-logo1297.png]
[www.coolmath-games.com/0-5xman.html]
[www.coolmath-games.com/sites/cmatgame/files/styles/thumbnail_small/public/game_thumbnail/game-logo-5xmanf42c.gif]
[www.coolmath-games.com/0-farafalla.html]
[www.coolmath-games.com/sites/cmatgame/files/styles/thumbnail_small/public/game_thumbnail/game-logo-farafalla4864.gif]
[www.coolmath-games.com/0-blockys-escape.html]
[www.coolmath-games.com/sites/cmatgame/files/styles/thumbnail_small/public/game_thumbnail/blockys-escape-game-logoabdf.png]
[www.coolmath-games.com/0-dash-dash.html]
[www.coolmath-games.com/sites/cmatgame/files/styles/thumbnail_small/public/game_thumbnail/game-logo-dash-dashe0f8.gif]
[www.coolmath-games.com/0-layer-maze.html]
[www.coolmath-games.com/sites/cmatgame/files/styles/thumbnail_small/public/game_thumbnail/game-logo-layer-mazeb930.gif]
[www.coolmath-games.com/0-layer-maze-2.html]
[www.coolmath-games.com/sites/cmatgame/files/styles/thumbnail_small/public/game_thumbnail/game-logo-layer-maze-21533.gif]
[www.coolmath-games.com/0-layer-maze-3.html]
[www.coolmath-games.com/sites/cmatgame/files/styles/thumbnail_small/public/game_thumbnail/game-logo-layer-maze-330dc.gif]
[www.coolmath-games.com/0-layer-maze-4.html]
[www.coolmath-games.com/sites/cmatgame/files/styles/thumbnail_small/public/game_thumbnail/game-logo-layer-maze-4ff87.png]
[www.coolmath-games.com/0-layer-maze-5.html]
[www.coolmath-games.com/sites/cmatgame/files/styles/thumbnail_small/public/game_thumbnail/layer-maze-5-game-logob6c0.png]
[www.coolmath-games.com/0-chalky.html]
[www.coolmath-games.com/sites/cmatgame/files/styles/thumbnail_small/public/game_thumbnail/game-logo-chalky2f7f.gif]
[www.coolmath-games.com/0-chalky-2.html]
[www.coolmath-games.com/sites/cmatgame/files/styles/thumbnail_small/public/game_thumbnail/chalky-2-game-logo47e8.png]
[www.coolmath-games.com/0-fruitland.html]
[www.coolmath-games.com/sites/cmatgame/files/styles/thumbnail_small/public/game_thumbnail/fruitlandb6a6.png]
[www.coolmath-games.com/0-pattern-memory.html]
[www.coolmath-games.com/sites/cmatgame/files/styles/thumbnail_small/public/game_thumbnail/game-logo-pattern-memory36c1.gif]
[www.coolmath-games.com/0-tri-memory.html]
[www.coolmath-games.com/sites/cmatgame/files/styles/thumbnail_small/public/game_thumbnail/m-game-logo-tri-memorye76f.gif]
[www.coolmath-games.com/0-memory3.html]
[www.coolmath-games.com/sites/cmatgame/files/styles/thumbnail_small/public/game_thumbnail/game-logo-memory-3_1ead3.gif]
[www.coolmath-games.com/0-newone.html]
[www.coolmath-games.com/sites/cmatgame/files/styles/thumbnail_small/public/game_thumbnail/game-logo-new-one36ed.gif]
[www.coolmath-games.com/1-memory-games.html]
[www.coolmath-games.com/0-map-snap-united-states.html]
[www.coolmath-games.com/sites/cmatgame/files/styles/thumbnail_small/public/game_thumbnail/game-logo-map-snap-usa-83x50cc68.gif]
[www.coolmath-games.com/0-guess-countries-us-states.html]
[www.coolmath-games.com/sites/cmatgame/files/styles/thumbnail_small/public/game-logo-guess-countries-us-statese5ed.gif]
[www.coolmath-games.com/0-guess-countries-europe.html]
[www.coolmath-games.com/sites/cmatgame/files/styles/thumbnail_small/public/game_thumbnail/game-logo-guess-countries-europea2e0.gif]
[www.coolmath-games.com/0-guess-countries-asia.html]
[www.coolmath-games.com/sites/cmatgame/files/styles/thumbnail_small/public/game_thumbnail/game-logo-guess-countries-asia7dee.gif]
[www.coolmath-games.com/0-guess-countries-north-america.html]
[www.coolmath-games.com/sites/cmatgame/files/styles/thumbnail_small/public/game_thumbnail/game-logo-guess-countries-north-america0e5b.gif]
[www.coolmath-games.com/0-guess-countries-south-america.html]
[www.coolmath-games.com/sites/cmatgame/files/styles/thumbnail_small/public/game_thumbnail/game-logo-guess-countries-south-america0e0e.gif]
[www.coolmath-games.com/0-guess-countries-africa.html]
[www.coolmath-games.com/sites/cmatgame/files/styles/thumbnail_small/public/game_thumbnail/game-logo-guess-countries-africa8d7f.gif]
[www.coolmath-games.com/0-guess-countries-oceania.html]
[www.coolmath-games.com/sites/cmatgame/files/styles/thumbnail_small/public/game_thumbnail/game-logo-guess-countries-oceania5747.gif]
[www.coolmath-games.com/0-geography-state-the-state.html]
[www.coolmath-games.com/sites/cmatgame/files/styles/thumbnail_small/public/game_thumbnail/game-logo-state-the-state79ac.gif]
[www.coolmath-games.com/0-venture-capital.html]
[www.coolmath-games.com/sites/cmatgame/files/styles/thumbnail_small/public/game_thumbnail/game-logo-venture-capitalfd57.gif]
[www.coolmath-games.com/0-map-snap-europe.html]
[www.coolmath-games.com/sites/cmatgame/files/styles/thumbnail_small/public/game_thumbnail/game-logo-map-snap-europe-83x50b626.gif]
[www.coolmath-games.com/0-map-snap-asia.html]
[www.coolmath-games.com/sites/cmatgame/files/styles/thumbnail_small/public/game_thumbnail/game-logo-map-snap-asia-83x50192a.gif]
[www.coolmath-games.com/0-map-snap-africa.html]
[www.coolmath-games.com/sites/cmatgame/files/styles/thumbnail_small/public/game_thumbnail/game-logo-map-snap-africa-83x506553.gif]
[www.coolmath-games.com/0-map-snap-central-america.html]
[www.coolmath-games.com/sites/cmatgame/files/styles/thumbnail_small/public/game_thumbnail/game-logo-map-snap-central-america7203.gif]
[www.coolmath-games.com/0-map-snap-south-america.html]
[www.coolmath-games.com/sites/cmatgame/files/styles/thumbnail_small/public/game_thumbnail/game-logo-map-snap-south-america-83x500430.gif]
[www.coolmath-games.com/0-map-snap-australia.html]
[www.coolmath-games.com/sites/cmatgame/files/styles/thumbnail_small/public/game_thumbnail/game-logo-map-snap-australia-83x5062c5.gif]
[www.coolmath-games.com/0-map-snap-mexico.html]
[www.coolmath-games.com/sites/cmatgame/files/styles/thumbnail_small/public/game_thumbnail/game-logo-map-snap-mexico-83x508448.gif]
[www.coolmath-games.com/0-map-snap-canada.html]
[www.coolmath-games.com/sites/cmatgame/files/styles/thumbnail_small/public/game_thumbnail/game-logo-map-snap-canada-83x5026cd.gif]
[www.coolmath-games.com/1-geography-games.html]
[www.coolmath-games.com/0-electric-shocktopus.html]
[www.coolmath-games.com/sites/cmatgame/files/styles/thumbnail_small/public/game_thumbnail/electric-shocktopus-game-logod85e.png]
[www.coolmath-games.com/0-optika.html]
[www.coolmath-games.com/sites/cmatgame/files/styles/thumbnail_small/public/game_thumbnail/optika-game-logo89dc.png]
[www.coolmath-games.com/0-bond-breaker.html]
[www.coolmath-games.com/sites/cmatgame/files/styles/thumbnail_small/public/game_thumbnail/bond-breaker-game-logoa901.png]
[www.coolmath-games.com/0-quantum-of-light.html]
[www.coolmath-games.com/sites/cmatgame/files/styles/thumbnail_small/public/game_thumbnail/quantum-of-light-game-logo110b.png]
[www.coolmath-games.com/0-gravitee-2.html]
[www.coolmath-games.com/sites/cmatgame/files/styles/thumbnail_small/public/game_thumbnail/game-logo-gravitee-23199.gif]
[www.coolmath-games.com/0-gravitee.html]
[www.coolmath-games.com/sites/cmatgame/files/styles/thumbnail_small/public/game_thumbnail/game-logo-gravitee1bae.gif]
[www.coolmath-games.com/0-compulse.html]
[www.coolmath-games.com/sites/cmatgame/files/styles/thumbnail_small/public/game_thumbnail/game-logo-compulse4291.gif]
[www.coolmath-games.com/0-electric-joint.html]
[www.coolmath-games.com/sites/cmatgame/files/styles/thumbnail_small/public/game_thumbnail/game-logo-electric-joint5e01.gif]
[www.coolmath-games.com/0-let-it-glow.html]
[www.coolmath-games.com/sites/cmatgame/files/styles/thumbnail_small/public/game_thumbnail/game-logo-let-it-glowf0d2.gif]
[www.coolmath-games.com/0-let-it-glow-2.html]
[www.coolmath-games.com/sites/cmatgame/files/styles/thumbnail_small/public/game_thumbnail/game-logo-let-it-glow-28527.gif]
[www.coolmath-games.com/0-abducktion.html]
[www.coolmath-games.com/sites/cmatgame/files/styles/thumbnail_small/public/game_thumbnail/game-logo-abducktion2800.gif]
[www.coolmath-games.com/0-pod-launcher.html]
[www.coolmath-games.com/sites/cmatgame/files/styles/thumbnail_small/public/game_thumbnail/game-logo-pod-launcher6572.gif]
[www.coolmath-games.com/0-magnets.html]
[www.coolmath-games.com/sites/cmatgame/files/styles/thumbnail_small/public/game_thumbnail/game-logo-magnetsebbb.gif]
[www.coolmath-games.com/1-science-games.html]
[www.coolmath-games.com/1-new-html5-games.html]
[www.coolmath-games.com/1-popular-html5-games.html]
[www.coolmath-games.com/0-bob-the-robber-to-go.html]
[www.coolmath-games.com/sites/cmatgame/files/styles/thumbnail_small/public/game_thumbnail/bob-the-robber-to-go-logo0908.png]
[www.coolmath-games.com/sites/cmatgame/files/styles/thumbnail_small/public/game_thumbnail/word-search-game-logob67d.png]
[www.coolmath-games.com/0-caterpillar-crossing.html]
[www.coolmath-games.com/sites/cmatgame/files/styles/thumbnail_small/public/game_thumbnail/caterpillar-crossing-logocdfc.png]
[www.coolmath-games.com/0-sushi-slicer.html]
[www.coolmath-games.com/sites/cmatgame/files/styles/thumbnail_small/public/game_thumbnail/sushi-slicer-game-logo7fb3.png]
[www.coolmath-games.com/0-zombie-launcher.html]
[www.coolmath-games.com/sites/cmatgame/files/styles/thumbnail_small/public/game_thumbnail/m-game-icon-zombie-launcher3965.gif]
[www.coolmath-games.com/0-miner-cave.html]
[www.coolmath-games.com/sites/cmatgame/files/styles/thumbnail_small/public/game_thumbnail/miner-cave-game-logo4fcd.png]
[www.coolmath-games.com/0-big-ice-tower-tiny-square.html]
[www.coolmath-games.com/sites/cmatgame/files/styles/thumbnail_small/public/game_thumbnail/big-ice-tower-tiny-square-game-logo9557.png]
[www.coolmath-games.com/0-moley-the-purple-mole.html]
[www.coolmath-games.com/sites/cmatgame/files/styles/thumbnail_small/public/game_thumbnail/moley-the-purple-mole-game-logoaa2a.png]
[www.coolmath-games.com/0-coloruid-2.html]
[www.coolmath-games.com/sites/cmatgame/files/styles/thumbnail_small/public/game_thumbnail/coloruid-2-game-logoa33b.png]
[www.coolmath-games.com/0-bunny-run.html]
[www.coolmath-games.com/sites/cmatgame/files/styles/thumbnail_small/public/game_thumbnail/bunny-run-game-logo2d56.png]
[www.coolmath-games.com/0-circuit.html]
[www.coolmath-games.com/sites/cmatgame/files/styles/thumbnail_small/public/game_thumbnail/circuit-game-logo6311.png]
[www.coolmath-games.com/0-hex-blocks.html]
[www.coolmath-games.com/sites/cmatgame/files/styles/thumbnail_small/public/game_thumbnail/hex-blocks-game-logo85c9.png]
[www.coolmath-games.com/0-klocki.html]
[www.coolmath-games.com/sites/cmatgame/files/styles/thumbnail_small/public/game_thumbnail/klocki-game-logoc375.png]
[www.coolmath-games.com/0-simons-lab.html]
[www.coolmath-games.com/sites/cmatgame/files/styles/thumbnail_small/public/game_thumbnail/simons-lab-game-logo2258.png]
[www.coolmath-games.com/0-right-trick-totem-land.html]
[www.coolmath-games.com/sites/cmatgame/files/styles/thumbnail_small/public/game_thumbnail/right-trick-totem-land-game-logobff2.png]
[www.coolmath-games.com/0-catch-the-candy-mech.html]
[www.coolmath-games.com/sites/cmatgame/files/styles/thumbnail_small/public/game_thumbnail/game-logo-catch-the-candy-mecha6d6.gif]
[www.coolmath-games.com/0-icy-purple-head.html]
[www.coolmath-games.com/sites/cmatgame/files/styles/thumbnail_small/public/game_thumbnail/icy-purple-head-game-logo213e.png]
[www.coolmath-games.com/0-doctor-acorn-2.html]
[www.coolmath-games.com/sites/cmatgame/files/styles/thumbnail_small/public/game_thumbnail/doctor-acorn-2-game-logo7883.png]
[www.coolmath-games.com/0-battlecoast.html]
[www.coolmath-games.com/sites/cmatgame/files/styles/thumbnail_small/public/game_thumbnail/battlecoast-game-logof37c.png]
[www.coolmath-games.com/0-outcome.html]
[www.coolmath-games.com/sites/cmatgame/files/styles/thumbnail_small/public/game_thumbnail/outcome-game-logo675f.png]
[www.coolmath-games.com/0-hade.html]
[www.coolmath-games.com/sites/cmatgame/files/styles/thumbnail_small/public/game_thumbnail/hade-game-logoc047.png]
[www.coolmath-games.com/0-foxy-blocks.html]
[www.coolmath-games.com/sites/cmatgame/files/styles/thumbnail_small/public/game_thumbnail/foxy-blocks-game-logo7bb2.png]
[www.coolmath-games.com/0-sweet-jelly.html]
[www.coolmath-games.com/sites/cmatgame/files/styles/thumbnail_small/public/game_thumbnail/sweet-jelly-game-logo6323.png]
[www.coolmath-games.com/0-grim-symbols.html]
[www.coolmath-games.com/sites/cmatgame/files/styles/thumbnail_small/public/game_thumbnail/grim-symbols-game-logoa882.png]
[www.coolmath-games.com/0-protect-the-museum.html]
[www.coolmath-games.com/sites/cmatgame/files/styles/thumbnail_small/public/game_thumbnail/protect-the-museum-game-logoc34d.png]
[www.coolmath-games.com/0-feed-the-figures-2.html]
[www.coolmath-games.com/sites/cmatgame/files/styles/thumbnail_small/public/game_thumbnail/feed-the-figures-2-game-logo6956.png]
[www.coolmath-games.com/0-mixed-world-2.html]
[www.coolmath-games.com/sites/cmatgame/files/styles/thumbnail_small/public/game_thumbnail/mixed-world-2-game-logo8055.png]
[www.coolmath-games.com/0-the-last-rabbit.html]
[www.coolmath-games.com/sites/cmatgame/files/styles/thumbnail_small/public/game_thumbnail/the-last-rabbit-game-logoaf2b.png]
[www.coolmath-games.com/0-pizza-ninja-3.html]
[www.coolmath-games.com/sites/cmatgame/files/styles/thumbnail_small/public/game_thumbnail/pizza-ninja-3-game-logoe7ec.png]
[www.coolmath-games.com/0-feelingz.html]
[www.coolmath-games.com/sites/cmatgame/files/styles/thumbnail_small/public/game_thumbnail/feelingz-game-logo1d77.png]
[www.coolmath-games.com/0-rancho-keeper.html]
[www.coolmath-games.com/sites/cmatgame/files/styles/thumbnail_small/public/game_thumbnail/rancho-keeper-game-logoaecf.png]
[www.coolmath-games.com/0-hexamatch.html]
[www.coolmath-games.com/sites/cmatgame/files/styles/thumbnail_small/public/game_thumbnail/hexamatch-game-logo3a93.png]
[www.coolmath-games.com/0-the-floor-is-the-surface-of-the-sun.html]
[www.coolmath-games.com/sites/cmatgame/files/styles/thumbnail_small/public/game_thumbnail/the-floor-is-the-surface-of-the-sun-game-logo748b.png]
[www.coolmath-games.com/0-blops-plops.html]
[www.coolmath-games.com/sites/cmatgame/files/styles/thumbnail_small/public/game_thumbnail/blops-plops-game-logo6ed8.png]
[www.coolmath-games.com/0-fox-adventurer.html]
[www.coolmath-games.com/sites/cmatgame/files/styles/thumbnail_small/public/game_thumbnail/fox-adventurer-game-logo5c42.png]
[www.coolmath-games.com/0-mine-of-sight.html]
[www.coolmath-games.com/sites/cmatgame/files/styles/thumbnail_small/public/game_thumbnail/mine-of-sight-logocd8e.png]
[www.coolmath-games.com/0-snake-attack.html]
[www.coolmath-games.com/sites/cmatgame/files/styles/thumbnail_small/public/game_thumbnail/snake-attack-game-logo4f84.png]
[www.coolmath-games.com/0-ufo-run.html]
[www.coolmath-games.com/sites/cmatgame/files/styles/thumbnail_small/public/game_thumbnail/ufo-run-game-logoe0f9.png]
[www.coolmath-games.com/0-sumo-sushi-puzzle.html]
[www.coolmath-games.com/sites/cmatgame/files/styles/thumbnail_small/public/game_thumbnail/sumo-sushi-puzzle-game-logo8c90.png]
[www.coolmath-games.com/0-omit-orange-2.html]
[www.coolmath-games.com/sites/cmatgame/files/styles/thumbnail_small/public/game_thumbnail/omit-orange-2-game-logod736.png]
[www.coolmath-games.com/0-monkey-bubble-shooter.html]
[www.coolmath-games.com/sites/cmatgame/files/styles/thumbnail_small/public/game_thumbnail/monkey-bubble-shooter-game-logo7e1b.png]
[www.coolmath-games.com/0-little-bouncing-guys.html]
[www.coolmath-games.com/sites/cmatgame/files/styles/thumbnail_small/public/game_thumbnail/little-bouncing-guys-game-logocb5b.png]
[www.coolmath-games.com/0-tommy-the-monkey-pilot.html]
[www.coolmath-games.com/sites/cmatgame/files/styles/thumbnail_small/public/game_thumbnail/tommy-the-monkey-pilot-game-logo329e.png]
[www.coolmath-games.com/0-circle-flow.html]
[www.coolmath-games.com/sites/cmatgame/files/styles/thumbnail_small/public/game_thumbnail/circle-flow-game-logo364e.png]
[www.coolmath-games.com/0-robotion.html]
[www.coolmath-games.com/sites/cmatgame/files/styles/thumbnail_small/public/game_thumbnail/robotion-game-logocba9.png]
[www.coolmath-games.com/0-fruita-swipe-2.html]
[www.coolmath-games.com/sites/cmatgame/files/styles/thumbnail_small/public/game_thumbnail/fruita-swipe-2-game-logo79ed.png]
[www.coolmath-games.com/0-sea-bubble-shooter.html]
[www.coolmath-games.com/sites/cmatgame/files/styles/thumbnail_small/public/game_thumbnail/sea-bubble-shooter-logo5f78.png]
[www.coolmath-games.com/0-chip-family.html]
[www.coolmath-games.com/sites/cmatgame/files/styles/thumbnail_small/public/game_thumbnail/chip-family-logo6e4a.png]
[www.coolmath-games.com/0-dont-cross-the-line.html]
[www.coolmath-games.com/sites/cmatgame/files/styles/thumbnail_small/public/game_thumbnail/game-logo-dont-cross-the-linebbe5.gif]
[www.coolmath-games.com/0-jumpy-ape-joe.html]
[www.coolmath-games.com/sites/cmatgame/files/styles/thumbnail_small/public/game_thumbnail/jumpy-ape-joe-game-logodb14.png]
[www.coolmath-games.com/0-snakes-maze.html]
[www.coolmath-games.com/sites/cmatgame/files/styles/thumbnail_small/public/game_thumbnail/snakes-maze-game-logo7db3.png]
[www.coolmath-games.com/0-islands-of-creatures.html]
[www.coolmath-games.com/sites/cmatgame/files/styles/thumbnail_small/public/game_thumbnail/islands-of-creatures-game-logo3ad8.png]
[www.coolmath-games.com/0-vehicles.html]
[www.coolmath-games.com/sites/cmatgame/files/styles/thumbnail_small/public/game_thumbnail/game-logo-vehicles9b15.gif]
[www.coolmath-games.com/0-werebox-2.html]
[www.coolmath-games.com/sites/cmatgame/files/styles/thumbnail_small/public/game_thumbnail/werebox-2-logo5137.png]
[www.coolmath-games.com/0-pirate-jack-gold-beard.html]
[www.coolmath-games.com/sites/cmatgame/files/styles/thumbnail_small/public/game_thumbnail/m-game-icon-pirate-jack-gold-beard7f83.gif]
[www.coolmath-games.com/0-battle-fish.html]
[www.coolmath-games.com/sites/cmatgame/files/styles/thumbnail_small/public/game_thumbnail/game-logo-battlefish_0357f.gif]
[www.coolmath-games.com/0-jelly-doods.html]
[www.coolmath-games.com/sites/cmatgame/files/styles/thumbnail_small/public/game_thumbnail/jelly-doods-game-logoed63.png]
[www.coolmath-games.com/0-aztec-escape.html]
[www.coolmath-games.com/sites/cmatgame/files/styles/thumbnail_small/public/game_thumbnail/aztec-escape-game-logo486f.png]
[www.coolmath-games.com/0-space-miner.html]
[www.coolmath-games.com/sites/cmatgame/files/styles/thumbnail_small/public/game_thumbnail/m-game-icon-space-miner3caa.gif]
[www.coolmath-games.com/0-pop-pop-rush.html]
[www.coolmath-games.com/sites/cmatgame/files/styles/thumbnail_small/public/game_thumbnail/m-game-icon-pop-pop-rush2dc4.gif]
[www.coolmath-games.com/0-skeleton-launcher.html]
[www.coolmath-games.com/sites/cmatgame/files/styles/thumbnail_small/public/game_thumbnail/game-logo-skeleton-launcher8df5.gif]
[www.coolmath-games.com/0-vehicles-2.html]
[www.coolmath-games.com/sites/cmatgame/files/styles/thumbnail_small/public/game_thumbnail/game-logo-vehicles-25459.gif]
[www.coolmath-games.com/0-cheese-quest.html]
[www.coolmath-games.com/sites/cmatgame/files/styles/thumbnail_small/public/game_thumbnail/game-logo-cheese-questea35.gif]
[www.coolmath-games.com/0-fancy-diver.html]
[www.coolmath-games.com/sites/cmatgame/files/styles/thumbnail_small/public/game_thumbnail/game-logo-fancy-diver76c6.gif]
[www.coolmath-games.com/0-jelly-collapse.html]
[www.coolmath-games.com/sites/cmatgame/files/styles/thumbnail_small/public/game_thumbnail/m-game-icon-jelly-collapsebd0b.gif]
[www.coolmath-games.com/0-colorush.html]
[www.coolmath-games.com/sites/cmatgame/files/styles/thumbnail_small/public/game_thumbnail/colorush-game-logo_09577.png]
[www.coolmath-games.com/0-candy-pool.html]
[www.coolmath-games.com/sites/cmatgame/files/styles/thumbnail_small/public/game_thumbnail/candy-pool-game-logo6776.png]
[www.coolmath-games.com/0-mixed-world.html]
[www.coolmath-games.com/sites/cmatgame/files/styles/thumbnail_small/public/game_thumbnail/mixed-world-game-logo2147.png]
[www.coolmath-games.com/0-boxed.html]
[www.coolmath-games.com/sites/cmatgame/files/styles/thumbnail_small/public/game_thumbnail/m-game-icon-boxedb44a.gif]
[www.coolmath-games.com/0-alfi.html]
[www.coolmath-games.com/sites/cmatgame/files/styles/thumbnail_small/public/game_thumbnail/alfi-game-logo092c.png]
[www.coolmath-games.com/0-jelly-slice.html]
[www.coolmath-games.com/sites/cmatgame/files/styles/thumbnail_small/public/game_thumbnail/game-logo-jelly-slice45d7.gif]
[www.coolmath-games.com/0-cookie-chomp.html]
[www.coolmath-games.com/sites/cmatgame/files/styles/thumbnail_small/public/game_thumbnail/cookie-chomp-game-logo7c2f.png]
[www.coolmath-games.com/0-gentleman-rescue-2.html]
[www.coolmath-games.com/sites/cmatgame/files/styles/thumbnail_small/public/game_thumbnail/game-logo-gentleman-rescue-207b9.gif]
[www.coolmath-games.com/0-that-gentleman.html]
[www.coolmath-games.com/sites/cmatgame/files/styles/thumbnail_small/public/game_thumbnail/game-logo-that-gentlemanb434.gif]
[www.coolmath-games.com/0-alarmy.html]
[www.coolmath-games.com/sites/cmatgame/files/styles/thumbnail_small/public/game_thumbnail/alarmy-game-logo085e.png]
[www.coolmath-games.com/0-skeleton-launcher-2.html]
[www.coolmath-games.com/sites/cmatgame/files/styles/thumbnail_small/public/game_thumbnail/game-logo-skeleton-launcher-209af.gif]
[www.coolmath-games.com/0-feed-that-thing.html]
[www.coolmath-games.com/sites/cmatgame/files/styles/thumbnail_small/public/game_thumbnail/m-game-icon-feed-that-thingf141.gif]
[www.coolmath-games.com/0-2048-fibonacci.html]
[www.coolmath-games.com/sites/cmatgame/files/styles/thumbnail_small/public/game_thumbnail/game-logo-2048-fibonacci3bad.gif]
[www.coolmath-games.com/0-snoring-pirates.html]
[www.coolmath-games.com/sites/cmatgame/files/styles/thumbnail_small/public/game_thumbnail/game-logo-snoring-piratesbfeb.gif]
[www.coolmath-games.com/0-arrow-station.html]
[www.coolmath-games.com/sites/cmatgame/files/styles/thumbnail_small/public/game_thumbnail/game-logo-arrow-stationfd4b.png]
[www.coolmath-games.com/0-light-on.html]
[www.coolmath-games.com/sites/cmatgame/files/styles/thumbnail_small/public/game_thumbnail/light-on-game-logoeb1f.png]
[www.coolmath-games.com/0-z-type.html]
[www.coolmath-games.com/sites/cmatgame/files/styles/thumbnail_small/public/game-logo-z-type4455.gif]
[www.coolmath-games.com/0-tingly-brain-trainer.html]
[www.coolmath-games.com/sites/cmatgame/files/styles/thumbnail_small/public/game_thumbnail/tingly-brain-trainer-game-logobf70.png]
[www.coolmath-games.com/0-blue-blox-2.html]
[www.coolmath-games.com/sites/cmatgame/files/styles/thumbnail_small/public/game_thumbnail/m-game-icon-blue-blox-20987.gif]
[www.coolmath-games.com/0-hook.html]
[www.coolmath-games.com/sites/cmatgame/files/styles/thumbnail_small/public/game_thumbnail/game-logo-hook36fc.gif]
[www.coolmath-games.com/0-combiner.html]
[www.coolmath-games.com/sites/cmatgame/files/styles/thumbnail_small/public/game_thumbnail/game-logo-combinere3b1.png]
[www.coolmath-games.com/0-fox-n-roll.html]
[www.coolmath-games.com/sites/cmatgame/files/styles/thumbnail_small/public/game_thumbnail/game-logo-foxnroll_02ccb.gif]
[www.coolmath-games.com/0-fox-n-roll-pro.html]
[www.coolmath-games.com/sites/cmatgame/files/styles/thumbnail_small/public/game_thumbnail/fox-n-roll-pro-game-icond261.png]
[www.coolmath-games.com/0-block-shift.html]
[www.coolmath-games.com/sites/cmatgame/files/styles/thumbnail_small/public/game_thumbnail/game-logo-block-shifte7cd.gif]
[www.coolmath-games.com/0-mystery-temple.html]
[www.coolmath-games.com/sites/cmatgame/files/styles/thumbnail_small/public/game_thumbnail/game-logo-mystery-temple7725.png]
[www.coolmath-games.com/0-monsterland-challenge.html]
[www.coolmath-games.com/sites/cmatgame/files/styles/thumbnail_small/public/game_thumbnail/monsterland-challenge-game-logoc941.png]
[www.coolmath-games.com/0-robot-islands.html]
[www.coolmath-games.com/sites/cmatgame/files/styles/thumbnail_small/public/game_thumbnail/robot-islands-game-logof2f4.png]
[www.coolmath-games.com/0-monsters-union-2.html]
[www.coolmath-games.com/sites/cmatgame/files/styles/thumbnail_small/public/game_thumbnail/game-logo-monsters-union8985.gif]
[www.coolmath-games.com/0-blue-box.html]
[www.coolmath-games.com/sites/cmatgame/files/styles/thumbnail_small/public/game_thumbnail/game-logo-blue-box4259.gif]
[www.coolmath-games.com/1-html5-games.html]
[www.coolmath-games.com/sites/cmatgame/files/css/css_VPZJQDuVN1xDhQ0gql3pvyau3nCua1ZzeXRH0pDVt58.css]
[www.coolmath-games.com/sites/cmatgame/files/styles/playlist_grid/public/sites/cmatgame/files/taxonomy_icon/ballgames8258.gif]
[www.coolmath-games.com/sites/cmatgame/files/styles/playlist_grid/public/sites/cmatgame/files/taxonomy_icon/startyourengines4411.gif]
[www.coolmath-games.com/sites/cmatgame/files/styles/playlist_grid/public/sites/cmatgame/files/taxonomy_icon/eatallthethingsd23e.gif]
[www.coolmath-games.com/sites/cmatgame/files/styles/playlist_grid/public/sites/cmatgame/files/taxonomy_icon/ninjagames03a1.gif]
[www.coolmath-games.com/1-animal-games.html]
[www.coolmath-games.com/sites/cmatgame/files/styles/playlist_grid/public/sites/cmatgame/files/taxonomy_icon/awesomeanimalgamesf8a9.gif]
[www.coolmath-games.com/1-games-go-boom.html]
[www.coolmath-games.com/sites/cmatgame/files/styles/playlist_grid/public/sites/cmatgame/files/taxonomy_icon/gamesthatgoboom529f.gif]
[www.coolmath-games.com/sites/cmatgame/files/styles/playlist_grid/public/sites/cmatgame/files/taxonomy_icon/hardgamescec1.gif]
[www.coolmath-games.com/sites/cmatgame/files/styles/playlist_grid/public/sites/cmatgame/files/taxonomy_icon/wackyweirdandwild8a66.gif]
[www.coolmath-games.com/1-karens-favorite-games.html]
[www.coolmath-games.com/sites/cmatgame/files/styles/playlist_grid/public/sites/cmatgame/files/taxonomy_icon/karensfavoritegames0e5a.gif]
[www.coolmath-games.com/1-games-shapes.html]
[www.coolmath-games.com/sites/cmatgame/files/styles/playlist_grid/public/sites/cmatgame/files/taxonomy_icon/gameswithshapesfbb2.gif]
[www.coolmath-games.com/sites/cmatgame/files/styles/playlist_grid/public/sites/cmatgame/files/taxonomy_icon/winterholidaygames26d2.gif]
[www.coolmath-games.com/1-playlists.html]
[www.coolmath-games.com/sites/cmatgame/files/js/js_lJZXPdsF13b9PS-6eZndooQcmCORgWdnIwagHBLM7J8.js]
[www.coolmath-games.com/random.html]
[www.coolmath-games.com/sites/cmatgame/files/js/js_0wfyvA-JRyxiQ2e9-GuxeS-osdXISURO5gcawZS0zYw.js]
[www.coolmath-games.com/0-aliens-hurry-home.html]
[www.coolmath-games.com/0-aliens-hurry-home-2.html]
[www.coolmath-games.com/0-aquatic-rescue.html]
[www.coolmath-games.com/0-big-wash.html]
[www.coolmath-games.com/0-bomb-runner.html]
[www.coolmath-games.com/0-candy-ride.html]
[www.coolmath-games.com/0-candy-ride-2.html]
[www.coolmath-games.com/0-captain-blox.html]
[www.coolmath-games.com/0-catch-the-candy.html]
[www.coolmath-games.com/0-catch-the-candy-halloween.html]
[www.coolmath-games.com/0-catch-the-candy-xmas.html]
[www.coolmath-games.com/0-chainy-chisai-medieval.html]
[www.coolmath-games.com/0-christmas-friends.html]
[www.coolmath-games.com/0-doctor-acorn-level-pack.html]
[www.coolmath-games.com/0-double-panda.html]
[www.coolmath-games.com/0-dream-tower.html]
[www.coolmath-games.com/0-drop-wizard.html]
[www.coolmath-games.com/0-dyna-boy.html]
[www.coolmath-games.com/0-exploding-penguins.html]
[www.coolmath-games.com/0-find-the-candy-2-winter.html]
[www.coolmath-games.com/0-folds.html]
[www.coolmath-games.com/0-frozy-and-fred.html]
[www.coolmath-games.com/0-gears-and-chains.html]
[www.coolmath-games.com/0-gears-and-chains-2.html]
[www.coolmath-games.com/0-ghosts-stole-my-puppy.html]
[www.coolmath-games.com/0-gift-rush.html]
[www.coolmath-games.com/0-gift-rush-2.html]
[www.coolmath-games.com/0-gift-rush-3.html]
[www.coolmath-games.com/0-hitbox.html]
[www.coolmath-games.com/0-icy-cave.html]
[www.coolmath-games.com/0-icy-gifts.html]
[www.coolmath-games.com/0-icy-gifts-2.html]
[www.coolmath-games.com/0-impossible-path.html]
[www.coolmath-games.com/0-jo-and-momo.html]
[www.coolmath-games.com/0-jump-out-workshop.html]
[www.coolmath-games.com/0-key-and-shield.html]
[www.coolmath-games.com/0-let-me-rock.html]
[www.coolmath-games.com/0-little-fins.html]
[www.coolmath-games.com/0-lost-yeti.html]
[www.coolmath-games.com/0-marshmallows-escape.html]
[www.coolmath-games.com/0-max-savior.html]
[www.coolmath-games.com/0-mazeeye.html]
[www.coolmath-games.com/0-mercurial-story.html]
[www.coolmath-games.com/0-mimelet.html]
[www.coolmath-games.com/0-mourn.html]
[www.coolmath-games.com/0-natural-selection.html]
[www.coolmath-games.com/0-natural-selection-2.html]
[www.coolmath-games.com/0-ninja-painter-2.html]
[www.coolmath-games.com/0-ninja-painter-coolmath-edition.html]
[www.coolmath-games.com/0-pack-the-graves.html]
[www.coolmath-games.com/0-parking-fury-3.html]
[www.coolmath-games.com/0-plumber-duck.html]
[www.coolmath-games.com/0-prizma-puzzle.html]
[www.coolmath-games.com/0-prizma-puzzle-2.html]
[www.coolmath-games.com/0-puddle-quest.html]
[www.coolmath-games.com/0-purbalds.html]
[www.coolmath-games.com/0-push-it.html]
[www.coolmath-games.com/0-round-runner.html]
[www.coolmath-games.com/0-rubpix.html]
[www.coolmath-games.com/0-shadow-adventure.html]
[www.coolmath-games.com/0-shape-fold.html]
[www.coolmath-games.com/0-shape-fold-2.html]
[www.coolmath-games.com/0-shards.html]
[www.coolmath-games.com/0-sky-island.html]
[www.coolmath-games.com/0-sleepy-giftman.html]
